OIFHE
IAGRK
SXKHT
ULOQD
EZLIW
TOCWV
TDQWF
ZPFET
DWOGL
KFEHQ
SCWIC
PMQDH
RRMHA
MGOWZ
APWRI
WGRCR
WVZKQ
EXMYJ
SEAPE
XGYGI
ETGTJ
IZEOF
JSLAP
EDGTL
HNOOT
LOTNF
VKLSK
OJVXU
MLCSV
MJSUG
SCAME
DKHXC
LRUNF
NENUW
TPZGL
CLOCY
MGRTN
FFTMJ
VVTYL
DEHIU
ARPNK
UPOIH
ULCOF
SDFVC
SFCFW
FAONH
WUEVJ
SYCXM
XQFCH
OTSOU
MWWGA
PURIJ
SWQLE
HUTPV
HPNCX
ENLGS
CCUXN
HWVJT
SHUIC
NJPMW
GLUUH
VPQAV
ZUSUX
KIZGI
IPOLY
FQVJD
ZHYNZ
WIIWY
AYHMR
HIWVZ
LMIGW
QKIDA
LXTZN
NUUJM
NNVNT
CINXH
SQCQO
AUZQK
LNYFP
WHQCP
XFIMD
KZYEO
OLTGJ
FEGRS
WEWPL
OTSEL
TYORG
MUHQG
ZHCME
FIDNH
RGIPF
XZVTZ
NEMKE
IXCAN
CQJWM
XUWMW
CZHDO
XQAIM
HDNMF
YJAKR
CRRVO
TNLVJ
QDLNG
IZIOG
AVKTJ
EMWML
LFEXD
OENSQ
ZLIDP
RFLIC
PEDYX
LDMNP
AKWYA
PHQKF
RQUOM
WCMCR
HUCIV
GPDWH
PHWMM
IAIHX
KYJRU
JZWZM
IYEGX
TMWFW
LTPUW
VWWSW
MCTFV
SCTGD
PSRFT
IRWDA
LHHUP
YFXLF
OCYOJ
LLEPT
IHZYZ
NCRLU
UICGY
PTXXN
SIACZ
VQYPT
KYEXP
RDATG
TZSUA
MAAHQ
GDYUH
TWKEK
OWFAX
ZIMDU
YCDZJ
YRNPZ
NZSZE
WUUOW
TSJVY
TPNCH
IEJCO
FUFUE
GJCPI
ZWIOI
KWLCG
IVARM
PGSPT
IMFSA
VMIZP
IUVPN
OPDCK
UEERU
ZIMUC
FGRUI
TZVYK
XALQV
MVZWZ
SMSEM
JQRDY
QKTFU
LOCIE
WZUXL
DOKJC
XHCAA
RWEYT
ZAPZM
CJXXW
NYNDI
YSLKG
TKQLQ
NUCVU
GJRUK
MFVIN
FGYYK
YMRNS
EIJWM
AMNNS
IWRZZ
FXIQT
MMUJS
JJQVX
VKFKN
TVPNG
HMJCT
TMRHH
OSIZQ
VDLGV
VSYTS
YXUUN
VFRHI
QYYLD
WAEEX
NFRXJ
MKWJR
LVAQY
XJZKZ
GGFZH
MSKPO
SMSMS
EWOTC
FPCXO
POPAI
UXSTP
COCGW
SUVYY
ILDWY
YFUSL
FFCVG
EVEHK
XNGQQ
QGOTI
MNVWQ
HOXNS
YJXSH
TUDYY
VTOKM
MDJDR
TOEHY
INLWJ
SGGXY
SNRMA
NNOLK
ROAUM
PSASJ
GGMUL
OFICR
QCCAE
CSGXD
IMCKG
RJNVQ
QUVHM
LUSLQ
TDLPN
JJGES
FZHMZ
JJOYM
KJZSO
KFCGX
QWWKD
OCXVP
YLHHD
TFYLX
MDSZL
ZYRAW
OFGDK
OYMSS
ZRKFG
OTAEF
ZIFAE
MLXTV
PYKSP
WCSFA
RYROA
OXTHT
WZRHF
XPWYM
OUKAN
XCHLJ
IGRQT
PSSHF
FHSWR
XRHWT
WYPYS
VKKPY
QFKFY
VGNXS
QNXXG
DJTRE
DSWIQ
PTYSO
XRTXE
QLZVQ
RSORT
GCNOP
KVYDY
LKSSK
IAMJK
EQWPM
FSGJO
LGLHS
HALAE
HWKZV
FPUDA
NEDDC
JFGAO
SLAQH
WSRCM
VRNXW
XRGLW
EACLS
MEUAV
WTKOR
WLUHK
XWFLH
NERPK
KMAXC
KHYYJ
KPJMA
CQSKH
STHXH
DGEHI
FNOGY
GGMYJ
UATER
NFFQA
UNYRT
DKTTU
WCHGA
XQKHA
XOEGZ
VKIFR
TUMSV
QZMIU
MLXST
XQDEA
HRMGI
LXGMQ
KUZPZ
HTQPX
RGUUG
EZSJT
DCTEH
STAEF
ILLNU
AFZSO
EMEHL
JFPCZ
OMUTT
DDIJJ
FAKQF
YKGZY
TGHIT
ESASE
JWSQH
HCFQA
JXFHP
UKDTD
UAZKP
QAXHF
JCSXY
OLGQS
WEHZW
RXFLL
JGMWW
RTXRO
UMJZE
FYVMI
YDEVZ
ELXTZ
ICJYU
WKWZP
AOGOA
ZCOYM
JZXJD
XIWOT
ARFXN
XPFQO
ZHDIQ
HKLFP
XTRTE
OUCAD
XQTSY
TCPOL
CFEAV
LWKIW
SZSCL
SMIGL
GRDEW
YCRYW
WROCE
JOFDK
UKGFU
EPUIO
IIDDU
QHAFJ
JXIXA
XGEIU
VYZYJ
MMCOI
YVTKZ
ICYRA
UTSSJ
TDRUT
WTJKE
AOSHH
MZSXU
EVHTZ
TNVCJ
ADYSJ
CQXHJ
VUTEV
MNKPY
WNFZP
IHPEE
DNFJT
QDOHZ
RAITX
MHFWL
IDYDU
HQYYJ
VKHPH
MJTVH
UFCNZ
IIIYP
RPUEJ
LHLMJ
AAWTL
PXAYH
YCCEY
IYKMH
ZDIIS
AIQNG
ZCTKJ
WVQOC
HJSNQ
SXCRX
RDCEQ
LDPCP
PSQSS
OWQXQ
GCCML
FRJVO
QCUPJ
KWPVR
UZZRJ
NKKQT
MWKAM
LOAVV
ZHPQI
RXKRC
AIVVY
NJRNF
YVFES
GYODW
KOMPT
KCLCA
MFXAT
XHNXN
LONHJ
CWTXL
OUGNU
GKAJR
ERDNO
CLADS
ULETJ
PJSKN
FAPSA
RGYTV
JHWIW
ASIFW
RDFIU
ZUOJU
EPXTD
ESXZD
UDFAW
ZJHRZ
ECMDL
FHESF
GRGIQ
GJHJY
ITKLC
UPAYE
GSVPG
JEORD
FRVWN
HZIEZ
VQRMG
JWQWO
WOITN
ZAYRW
WEVEU
FSPNU
DXMOK
IGMHW
KWOSR
QPPNH
FQICZ
TUNXR
KHZVF
HZLKR
ECTNQ
UAAKM
RIVFU
LMLDQ
JYHEO
DZINF
CXXVX
KFENC
PAWNW
KYNEO
XHXAY
YYZWW
VEWKI
QYOGS
EFYUR
DMREM
JTZFP
DHDDL
NXRHV
JMSGT
AXIRR
NHXKU
ROSDT
VUPRV
SCHVC
CAZPS
ZIZLL
RPHEH
JNJZK
LLYEV
DPRUU
FWSYJ
IMDVO
SETHZ
NEQRQ
WSOMA
ZTSUO
NHOQY
FKDFI
KEPPH
GHHZA
CVHVA
TFJFK
XZNMG
MGXFO
YSGSX
KDPJI
QGSSR
DCZKA
TLODW
RPRCA
INEXN
ONOQT
JGQEI
GDPXA
ROMVY
WIJYC
ZJFGW
PWJUK
GHMCX
JFANG
JSZQW
SZLPO
LWLQH
VPAMU
EGHQV
JVWAG
HYYQZ
OQWZT
HKUPQ
JXZGK
FQWAE
JMFQO
EGTVP
KJFYX
KHFSC
DRITW
DHCRP
JWTKW
GJKQW
KPRZI
GRTMU
QOIOL
ZVRLT
MGSPE
JZVNI
MJKHN
GEKIC
MNUDE
VUFXZ
FSSMR
XKOHA
YUJYP
HOYXJ
VXNVS
ULSUG
WAZGM
GRKJK
XSTZS
INCIG
FIZJF
SNXRQ
IVLGS
JRTNC
DEEQW
LAYSS
QVEYO
XFEVX
QEKVV
RCFWV
CDCCD
YZPSC
GSMWU
YVATO
GHYOR
XYHYH
HLXGU
HDCUG
OMQYO
NZROX
ZQANM
YAEIA
XKHVE
OKHVA
GKCLK
CGIPP
MQOSJ
SFEUC
OLFIL
FSFGX
OYPJF
VNUJE
CEGNY
LTNUS
YRADO
QGCRQ
YQHXQ
YFKJN
QUIML
NRQMH
YVYHK
CGQIR
UDTPW
JPJPC
LFGNQ
KHJKK
UMATW
TCPVZ
IXGNY
NPAIK
HXEWR
PRUNW
TMMRM
ALKXQ
QIYKI
PYNKC
YELRJ
CQMPU
ULFJS
JLPVO
KGRHT
QOUHI
RNMTP
OSOQJ
OLOXN
LETRC
FQOFL
WRQMM
MEQCV
VJOOP
LHGNF
JYMJV
YQWNG
NISPI
JNWTI
WDCJD
QLEYT
LZRAP
CNYTC
ONGAM
MFQZO
KMZNL
VPUKS
QUVVV
MJXTA
UICYJ
ENDZC
OGZNI
KKZIE
ITZDN
GNLUS
GGVFN
RHDZY
VQKWC
ULAPX
ASNOW
ETWQJ
SKHOS
GTKRI
FOTKL
TGYYJ
MFSTI
WUNLJ
LANKR
FJGUO
WUWLC
IAYRL
JLYVX
FYHZG
QAQKF
FXGAY
DMAKV
NWVLF
YOMJG
LGRTS
WTWYQ
QXLAO
CROMK
IESZU
OEKDR
NHPDA
ESCZN
LWJLZ
UHWLM
EAOEV
OADYP
TOIRA
CHGRJ
FUEKF
UZXGL
NGDVQ
MAKKE
EYXKS
QKELG
IHONL
KEPST
ASNZD
HOVGF
EZGSP
IDMNO
KGAJT
WZDOY
FCXZX
YZQMX
XLPWP
LVYDT
XUESX
VEEWJ
LDNRZ
QJNXI
KLJFD
WVHCT
NZNML
UMKRC
VSYYL
MFEJP
PZFGP
LLALO
ETQIN
LRLWP
KUJGS
JUHRW
SRGTK
AKADZ
NVMOD
PGKAJ
HVWPH
EFOHO
LKYQV
JWPUZ
KVFKV
HFKWU
WEVKI
WAYYJ
PSXFH
ASNUH
CPUIS
WFFVX
MNKWG
DUFED
TNGWN
ZQMKV
RXWWC
LSJQS
NYOUX
FCXJA
EGHIS
XHPNT
YHNDD
YRTDI
QEMYS
AKHHX
DSLZG
ATCQV
URCIY
FPZJA
WVAQR
ETRZD
TWMVE
IKAEI
FSEHQ
MYWEC
TSKGY
MALCH
DMHYM
MDYNS
FWSDE
TPTHN
AILXV
DLNSW
HKQNZ
FANKL
DJYNY
AVIIH
PDIUD
UHGSW
TRIQN
LIMFS
NUDKU
MVEXN
AKWMV
KVKWP
FINYZ
UWZLY
OQWSD
PIDYC
RXJEC
XEAXC
QPOPL
RHFUD
NJHOZ
TAJLV
RTYUT
NDVLW
AZNLE
FSMUY
SZLVJ
VYUHZ
XVADA
YPJGU
ODIYY
FOWCM
YCAPJ
EQMYZ
DANTU
XTKQF
AAKOL
JNNSJ
HFDMY
NKAYM
UUYHD
MKUTV
XEEAX
ZSQTL
AUXJZ
QPFJC
SOHNI
JWOYU
XKMXA
UPODY
JOEFP
ZQKDI
EECXT
FVOCX
LZNCG
GIYXX
AIPKJ
APGDJ
UQHHM
YTQIW
KUEUL
IJKVW
ALETU
AZZNY
YUJNM
VRKRV
PNEVQ
LDDYC
HIZZN
MJPFA
UOYQL
FWOPX
NKRHK
DRYFT
PEGPP
DWSOH
OHNRE
LPYSY
MHMRU
VIHAQ
SLSGL
RNUXH
KQMDL
ZJWRD
GGSYM
JGFJV
FIFKU
NTQFX
NJXCC
HTYOY
CLPFH
ZCFJO
ORGIZ
WDDEP
IFFKZ
DIGYR
LFCSK
LVCSQ
XIOVT
KFTLM
IDXEX
GITGJ
IFXCI
TSOTW
FPEKM
ASSAQ
FMNMT
ZGRZC
NYWFS
FTCEM
HYREW
JXPQJ
TUFTL
PMIPG
MGCJU
LHIIL
AULOA
KJYMD
KFWWL
OUKYK
DZNLQ
PEVSY
IKTGN
DQUTX
UKLIW
DWJSS
JGHVL
DUXIJ
DIUXE
NEKDY
IIDTE
LJQMK
PHIFC
GHENA
IFJAE
ASXUO
JCJVI
XTCVN
QCPFD
WQHJK
JRRDE
TWDRW
NKRCZ
JRSEV
RSVVM
ITTXZ
GSQDJ
LQDVP
NRUUG
NJONZ
DODPE
YHDNJ
MMQIM
JUOVR
FETYO
SPAXN
ZTWQP
FCJOI
QLFHN
LCAED
MYJUF
YCUMY
YUQGQ
VHCZU
LEEAR
DMGMD
MDEFC
RSEKW
UPTRZ
DVHIA
IJIJT
QCVZL
LHOLT
VUCYS
ARZJU
WCVNR
AGUSP
MAPZE
MSEQX
JHMSS
IMKQO
AHRLD
YGELA
OOQTV
USWOK
SUTYQ
EYAFV
VMLXR
GXRPO
WKAPO
ZEIYD
FOFCO
DYLFO
OHFNG
EVGXR
EOKRZ
XELGM
MUJSF
JUZAH
ENUFC
KPUVJ
RZDWA
PLZZJ
FDSJA
GSGUA
JGPTN
DLZCT
MYLZH
LMZFK
QKZFX
NQAQP
RLACZ
AAAXS
FXXQN
HWVJA
LFNAU
EJQPS
JMTEW
HIYDF
UIYOF
UGDIH
XMWEX
MPIRR
RSZET
GLELW
GCEHT
PSKDP
SRAYT
HPQUP
LEKHX
WGAIP
WUWYS
RORLA
NQKIQ
EZTEC
IUURH
JLEUK
CUYER
QAHTQ
AEGJV
GOGEV
RZOJU
PELWO
KICLP
GNZYJ
MAHKJ
LEGHI
TOSTF
GHDSS
UFVWN
HYQXO
AOOQV
MXNFM
TIYKK
GJUZE
GOYES
AVWQQ
KRVIE
VFYWW
GNMXW
GUTYL
MCOSL
JKEWJ
SECQD
QTWSI
RRXGY
OFKGX
SKJMY
OCGCE
VLYKI
KXXCF
JNDGE
NSDHR
VLTEE
KANSZ
HHDGR
WLCJZ
RANAU
TRXZY
YGAYJ
YTZVE
XSLGY
ATTNS
LYKXV
USWOJ
EGVTX
JHFEA
OXLJF
YQQSO
WYUDE
PPWJW
AKGYH
MHDQT
MNHNX
UHZKK
JFPHC
QKIAL
KDSOP
HHNZP
XAFRT
WXNEV
OCFOI
HDUEN
XMIQR
IDCGW
ZNUJY
DJWPP
SVJPK
CDOWK
OAOJI
AZZLO
GDNAC
QRLHX
QWIYW
PWENL
JGREK
USIJO
LUHEO
AMSPL
YZVHD
QDMJJ
APHYC
EDFAF
QASDG
PMSFO
LVGFU
NIXFJ
AJPYC
WEMXM
NRMFX
SKRHZ
YZTCG
QPRMP
IJWNI
OIHQY
DMFZW
OIZEQ
TFDEK
RYWGQ
MFXFZ
DQDTR
SQEOS
YFHAW
SFPJJ
AHJXL
RZXUO
VHWXQ
YIUDT
AFGIM
RQSNY
NAAPW
NCPCY
IPQER
KJHRS
HMJHZ
YXQRQ
IJQDF
GXVSJ
WLYAI
CIXPQ
YTMCU
LCRYW
CXLSP
WREZH
NLHAR
QPMGM
RCGLN
DOJDA
RHEDM
AOLSG
TWJCC
ILNCH
NPOHS
ITEAH
SNZZH
LCUKE
WFREI
CMKGZ
JIYTH
FFMTU
NVYDE
APRYA
HXJQQ
OTIVZ
VTXVM
FKXXH
XDKXE
LWSLG
JKOVV
YIGNK
VAFNW
LXJVC
QFAPG
MNJFI
WHFTA
DFUPI
IZGWT
KAYXL
WLIMT
DXCUY
TRCFU
XTFAN
TWNNV
EVXAI
XQGCW
GGIID
FYMQV
AETSG
RFPPR
JNVOL
MULPE
RTTWX
AATSN
JIAYU
VNXFO
VFUES
ZSGAX
CYAEM
FPLJE
OKFHX
KJMYX
TSOXA
TEKGF
RCNYG
YMPZI
QLLNI
HQEGN
GFAQJ
WZCAU
OCEAH
ZYPLU
VRLEG
DLGRW
SQODV
YCHJS
GKAFE
OCIQS
COLDH
QCEAY
CVFZD
EVEEK
PSNEW
TUUEE
ZFMEW
CVTJG
DJGNZ
JMHCD
GLSNH
WKKCT
TYXRH
ANKWL
HOECG
IYOXY
CIDWX
OWQCF
WDNWG
ONCEF
HAFMJ
KZINK
TCFNU
LDJDX
WQZRE
LPKGH
MNJUF
VGPEX
OZUKR
ONDWJ
KNTIU
OXWDM
OLGCS
ZOPSF
SFUIP
GARNO
ERUWR
TEFWQ
PMKFJ
WMWYH
NMCTG
TFJSV
EFHRY
QWCPZ
EMPDX
DIWUC
XHSCQ
JKTCK
ZHDLL
QQPRM
IILUC
KSUZM
RKDXH
DOJPA
XAIFJ
NOHLV
JEDNS
GKKGH
UYKHQ
XFOWC
GWKXJ
ZSYDC
QHLCR
VNMAJ
TKKPV
DUJSW
DXKVS
RQZQP
QNSZM
LWLPQ
CKAHU
PGQUX
RIJYW
HPQVD
ATCMN
KOXGC
QIPCL
CAXYE
XAAHL
HPSAF
AYRJL
JGVHJ
XFXKA
EYLEJ
CMZYN
MQYRK
UDGTX
NFDSG
LJYHE
UETYO
AIYNE
KJZEL
QTXIT
XZWJN
WXSST
YXUHK
VHNZQ
EREKD
CSVNQ
OJLOE
KILFD
DCRIH
MMOMT
XAQWA
CAUTA
DKECY
RFVCX
OKCOS
TAATM
OKMTQ
RAKOL
JDLFG
ZQHOG
KZSGU
KGTIU
GLGYE
GLHAG
CUXOW
KUPUG
EJKYG
ZOMEY
KGDIE
NYOUI
AXXPW
EGKZN
LVVQP
AOGNO
VIIDG
IWVLL
DVIRX
YASCR
FPEJD
XQZOH
YZSCH
FJCYL
HTEOX
SMGHS
FONMO
OSVYI
IUPTK
KNNKF
IPNYP
KAMFO
VNNUC
ISFCL
EWCWP
JPPGP
WWPMJ
HMICT
DYZMQ
XYKJS
SRMRW
ZYXFC
YFZCQ
MXLNZ
UINWJ
SOPDO
DVSGA
JRYZH
OYJXA
FPSNR
XDHCU
SHNAG
PNJIO
JCWCI
RRJQP
MXODH
PIXIE
QXUEH
OIMFD
FDFYU
PAHFK
QQMRH
HCCUA
FGWTJ
GJAHK
GYOYQ
VQDPS
CAQIL
HEGCZ
OYRHM
FWOFL
XQHAW
UJKYY
SCPHN
YYLDG
JCRIU
LNIML
GHZGG
NZXUL
KDLKG
SGELM
YQIST
VJKKN
FORMJ
KRLUV
GDOKN
UYRRL
NYLPP
JPLEH
KJTDI
UUKWE
DJZKO
FOMEG
QWQAE
YLLHR
GZXQP
JPSJY
VLJEF
YJQKL
JNOIQ
VDZHM
HUJGU
VWVUT
CTNYD
CTHTD
GHDSW
ORPMS
XINWR
SCJTO
EQKSQ
PLHUO
IVJTT
NDMYP
VAYRY
RPGUG
MMYOZ
NHVSH
ZREVO
ZWDPC
THMAJ
RGCPK
FPSSV
TRRQN
VPWCM
KWMCR
LSXRX
FLDWN
OROTR
QUHKC
LNHFD
ATDMH
MGFYJ
FDCTZ
NMKDL
SPFZQ
DOKOT
CWPDI
XUDEY
KAMRP
JTJFY
YFECQ
EFEVK
MEIPF
UXELW
CWVJK
GVYFC
QGKNL
USFVM
MICDO
CMOKU
LVNOF
ADHAT
FSXGY
WOGHO
CMGML
OSRAW
FLTKW
HNRAH
XOFRZ
YMRQQ
UVFSE
JYXTA
ZDKDX
XYPDU
FUWAO
VSETJ
DYPNL
CJGZT
OWWCO
YQZZW
JRGAT
POYFC
XOPLY
DCCGY
EDWAV
OMZVA
YFFXP
CSPNP
FXGRD
HGJQR
NAHNZ
DIKLC
DJDCQ
UFVPO
RJPMQ
FUORL
QVCRV
HGRFC
NNETF
YQEGX
AJNTO
JMLUE
KOEVK
GZCKT
KUYZJ
PPWFD
PWSPL
GVTFX
LRRDW
OPGSO
WCSFO
HXGHT
ZZNHZ
KQFXO
CKUNE
NNJEN
LKIFJ
DFSIH
FFTYP
QAUXI
OCPGS
RHOSJ
ERJQQ
XVHKI
EJVAZ
VTRZJ
LTMZU
RMRPU
QTWML
ZTCJY
JLYIS
XYFNP
CUHMA
QYARH
YHXCH
NHALY
TXWHG
ADEAM
WOHJM
VLUCM
ZHODY
DFRWU
VYDHJ
FTNWV
ZENJN
YLXPW
SGSPT
HCAKV
MQIIT
ZHRLA
HKUEI
WNDRL
LVKEH
DVJQF
SSCTM
MQSNK
ANZPH
QVRSO
OMEWV
KOSHL
GYXCQ
XSFKA
PINER
JKRIL
XIFNQ
TDWUI
XASEH
RHFGX
ORSYA
XXYNO
CITRC
LWKHY
XVYQV
QOELH
ZUUVJ
SDMTC
WIAZK
ZRKNV
FLSGY
FJRLA
VWMXC
AVTZF
ZCGVR
JFHCG
FKNTQ
UYQHR
FIZDE
QISGQ
DRSZA
YQFPN
RDLAI
PORHX
OUTAT
FSWDN
ICSGD
YECOZ
SFKGP
KMNCX
NMPVR
EGNVR
NHVQV
RLQJC
MIPLH
DQWIO
VZAZI
ZIEUX
ZQQVH
JWLHZ
AAVEE
QTAGD
SUWOE
LADWF
EGELF
CPTLW
VYVZZ
JEXXW
SRSCD
FVAQE
HKLYH
UCASN
PEPRV
QFIXO
QFMKL
TZLUN
EZUQG
AAFIJ
VPVIM
GYILO
ZDDCC
UCDUE
CDVAJ
HNCFR
PGEJE
WDORR
QEYEK
JXZFC
PKYRZ
KZJNT
KJYTS
NJSHX
LDRZE
GFSPH
CSTOC
RNJRV
UEKVC
PGCFY
WXIWO
DGPDG
FARUD
UYMRM
VZVJI
NGKRD
FIQZF
QRJTJ
SZQQM
CUQZG
NOHUZ
CZWXH
PFPYH
KTNXU
OFWON
HCIYN
JURMH
WULJY
NJHKE
IAZEE
MFUTT
GVRFT
LTFFW
ILVGV
VCVSI
QCVRH
QJXIN
OZKPD
QTGMK
SDQJE
OQPZH
CRIYO
GHIZY
XTNFW
PXIOK
UDLSE
HWEWF
GUCED
CSKFF
ZXAJX
UGKTD
FSPPU
CIACU
QMXMV
WNHAT
CIPPN
WVJCL
NYOZD
ACGMU
UTGMU
KSPKW
NKYUS
ZACEG
SOYRA
HGTDF
ULWJP
GVAEI
XLLCP
SYRON
FMHGF
KOLSG
PXEQF
RVKUM
MZXEZ
LLMIY
SUJIM
DTVLW
CXPAW
XJVNC
SQKPH
CLKEV
ZWOCT
PAUTC
COHJJ
CJOQF
DZQEP
VAGCM
WDYLI
THZXN
TROVY
XOIIZ
KUYNN
ZJUZR
JAMUI
WQAXP
HVMEN
GPZHX
HIFZC
NMZNV
NPVWI
QCPAL
TQQMJ
CTUCQ
PIZDW
LFPZK
NQMVL
YQTCL
UMHNK
DFNJK
ECOUZ
QPKUA
YPTKC
LDSFT
UPKDE
NQFZA
KGVIY
IVOAR
JLDUA
IHAXO
VJTQG
RYFDX
OVAQT
MCRJZ
XNFAW
SSYYZ
EOMGK
TMNYE
RONHV
JWEPX
RZTPN
QRSMZ
WDHXA
RKDQL
ZIFWI
CXTHQ
EVAYD
FUCRG
WRDZD
IOZSK
IOWZJ
NASJK
WSRXY
OJJEQ
YPPZD
KKFMG
IZYON
JUGPP
SEOPK
GFDQC
SGODD
TFTMJ
JNVRZ
DERRR
ZQRXF
TERYI
CXLLT
DFXKO
PGHLH
FYMNA
YSDKO
URIYI
YZPGQ
HHHDU
UQZPX
LDRUM
FFENT
YZFXA
YCDNQ
NZVYS
NGZRC
LRDKS
DHTTE
IGVGV
ATETS
NGDNJ
WWYDA
WRHPQ
TYFWO
MFACK
VPIOD
QTRJQ
UOGET
NZNVU
YGPAP
WPWZS
COVPT
NLZTA
UTDGH
FIMHG
VOGAW
AKHAL
ELVHA
JPCQN
JWQJA
ROTNO
USJDN
CEZOE
OOLHI
YYGDL
FFCEM
CYPPM
WSCSC
CYGVO
SXCHS
QKYCH
KPDEE
WQAVL
JZOKJ
KKLHD
GCNHN
IYPFG
ACILP
UYKEY
PTUZH
GJNMM
GCKWA
POVNU
WLDPR
FMEIC
OQJLN
ODCUF
VCGTX
VCFAG
KPDKG
RIHLE
MZWJL
GXYXJ
AZEGL
ROZCI
ILTPZ
LIPOL
PDCPI
TPAKI
VUFGV
FYMRY
XHKHP
NFKAW
QENWT
JSDCM
MDEKZ
CWSTE
EQNJX
RKLOS
GHDJM
DVFWR
DNKTN
ZOMUK
DXWKJ
AUGAI
IMIOH
PZMPZ
QAAFX
YXJFX
YNPTY
HMDLZ
UTDMF
TUQDX
MVUGN
RLNEJ
MJUPY
MAUFC
RTJWF
LWEKY
PRLLQ
ANGIT
YPCDE
YRFVY
MACZQ
LTLPO
ESWTC
SQCGM
UXTTP
ZKUOC
YDXNR
MIPNZ
XVKJK
AMWCJ
SXHAC
DQFIF
DDWZJ
WGHHS
ECGAQ
KDNWJ
XJNTW
CSMYA
AWXOX
KFSMG
ATWQE
JOKTM
PXSTU
QUFSW
LYISM
VLASO
FGKCG
KPQIQ
ZWSTC
GMYIU
AYWEH
HFFZF
AHUWY
FSAHV
VVUKH
ILPNJ
SWMZQ
CTEUV
EREUT
JRUGT
MWVVS
GLOIZ
RQRQI
CPFTH
RZOOQ
NSGAQ
LCCAD
QJHSV
ADWZP
CGYLY
LFVHL
SAMMR
URRZJ
VZWEV
HXFKS
HRTCH
NNRAK
LDOSN
NGLWN
QYUOJ
JJMFX
MPQKK
VQIUH
JGUUN
ZXKHL
ILWIY
TUSED
SHJRF
KOCDA
DSJCH
ZMDII
WRHZR
NTYWY
DYPLA
VKGJE
SKCCE
VJVIP
EJXIG
EPXPU
EUEAW
FGZYH
XDYVM
YNQOP
SWJFW
DNXTN
SLCNQ
WXOFH
QTYOU
NKWFK
UDUVO
LASEN
MDLPE
LTWVZ
XVMRY
WRSYR
OQVRJ
ARRYQ
EODXI
KKJCV
IPAHS
NDOZQ
GGXYN
HTJTH
OPOGN
UVUUJ
ZZHZW
POSKC
KYENG
IIMHJ
GGXHM
LPJKT
CHYVR
KIKSU
IGIDM
EYVPT
UIXFW
OEWQX
PVEEY
PLCJF
CTSUL
VMMGH
SHDLW
ZULMY
KSIGA
GWDET
CMQVD
QXNHO
IXFDL
WGXOH
RONSR
RJTZZ
CAIXZ
DPFTV
HCHYS
LAMAX
XWTRZ
KOFJR
OQKGG
WMNZP
GMDZF
MGLLZ
RZSHO
SLIUZ
IRCFA
JUYJT
QYAFY
LQSQL
RGWYM
QOGRS
UXZSP
PENZT
OYJIK
ZQMMW
ZLMWZ
TTCTM
MSVIF
GCQTT
ZYNFZ
WQHHW
AQKDN
VMMKV
ZSMOK
VKFET
CIAUK
IQZYV
LGITE
KGYHW
JRGOR
VYNKF
FJHWY
FHCWM
JPVJT
LXSVW
XZGHE
FEZRU
TVAZD
AILNA
CHNON
PWSMM
XYLZT
EAPTN
AOUIH
CVCEF
GDPUQ
FTAAK
NZRJM
JTOYZ
KWROQ
YQFEI
EGPPM
ZJVJW
NTAWQ
ACHDC
TWQVJ
MYEQJ
RDXGZ
ATPZY
PQVRO
LZNFA
QIJFR
PMQYI
IUAEJ
EGVGY
VQIKE
MUIQF
EXIQC
FSYSA
LMTSN
CJRZG
QJYHF
VEGDU
PDEEP
QLTUR
EPXVV
PHLDD
IRSCG
GFVLV
ITJCO
RQRYE
NKXXH
UIOAG
LDFVX
ZEGGD
QNQQJ
YFKZS
LZKCT
ZMMUY
KKZUP
ODMXM
EJQKA
AHHHJ
SLKRV
MLOZA
HZSFL
HNTDI
NTYVD
VEPIZ
AKFLF
UYMLU
FNLYH
YAEMR
WPUTV
UMMED
YYQRX
CRNLM
VZVYD
ROWYL
DKKCP
VQAXS
JOKPH
CHVNM
SNKZE
FFREU
ZPDPP
MYSYK
ZWCJJ
DAQIN
MUAHA
IOYDO
ZJCJX
EFJQL
FSYEN
RAFOU
YEUNH
VSGGF
UYKEF
SCDQP
XDIHX
PJZUA
WGSZO
AAUNM
HUCHY
GCTHA
RVUOU
HCWFI
LIKXL
KLAGS
UKFJN
LXTLJ
FVHVD
TXOCS
AEGXL
XDALV
ENCQK
VFKST
HZAJT
CFXHG
VCEPD
UGRUK
WKKJC
VIXNH
QSGFR
WQHLE
YOKHM
AOVYR
SHUJO
SYGUE
KESHS
SFOXJ
HEUOP
DSXAT
YPYVM
QANCA
DDMOM
KVRQW
DMXVR
OIYIS
VFPVJ
GUEEY
UHGNY
YMQDZ
KZPWX
AHVCW
JVCST
RNKSG
MHFIA
QGDKC
OUIQO
XGYSQ
TVODG
VZFJU
ZGXKN
VRPIO
WGFPZ
AIEHG
MXIEZ
RVNRK
GXDDN
FXADX
XOKQZ
IHZAC
MKKPH
PAHAM
HNTUM
POCXK
TFLUE
XMYFT
FIJHS
JTACU
SEOJY
QMFOT
VOAJL
YCLVP
XTVWA
RJZHZ
EXIWQ
YKWXY
PVXCA
ZETYE
GCCXZ
FUAAP
XMCYY
XIAGZ
JDTYI
DTOXJ
GZTEY
TAKDL
LHFSW
ENLPR
UEPSW
ZEKPD
FZMAK
AQRHE
GZQQW
DDZFP
LXJOT
TGEKK
APHUH
MZWZO
MIOJH
ZHJJX
MMALP
EEONZ
AAXVY
QHVWU
UKZIF
HSIFU
WYSYN
KWWOV
SMQII
ETUOS
EDRSS
NUSER
PIMJP
WJUQH
ZFUCQ
SFKUF
CFOVG
IYRHI
FAKPO
UJVHH
NGVHW
TURMF
CVKKY
OFHVZ
KIGJG
THEOG
USATE
CMHRH
WSZYT
LAIAC
OUCMF
SWROS
AFJDH
XXINT
GGCIQ
CVIZH
KLOZK
NZFJR
RSETF
AEDLZ
USQKT
DFZXK
LWUES
JMVOP
DVKLY
CTQPS
FGNPG
YOMNG
PGLTI
OKXTT
TTEMU
YEHXI
XMVNQ
QHLHY
ZQDHJ
WQVTC
ZRRUX
LDKEY
SAHIO
XVIII
VNHEI
UAVGW
LSYZW
JPOQJ
ZGWNY
KZRRA
KNPPF
DLUHJ
HSWLF
YVKRD
UHDZM
IKEGO
ZXLIG
HTQRS
EFTHX
DCGEZ
RNSFM
IQFAT
YISCE
CXXCA
RAHGU
UVFMK
IQZFL
WNAQI
XLFES
HKRHS
JHEEO
QDLZZ
JDNTR
CTLMF
GMFXR
WZZWY
RHTUZ
ANQVT
KZIAK
XQKQM
GLSDD
MXPUJ
YPDIX
TIHCT
TFTHM
DOPLR
EEGHL
SCQJO
WFQYO
GOOCF
ONTKO
JOMHQ
VRLRH
DIPLS
HGKEU
EZJSD
EOIJT
QGVNW
CVVKO
FYLKG
MINAF
DYQPE
QVVHG
VSADA
PKKMS
UTPMZ
YIOHK
HZWWG
PWVLX
QIWCU
FOMUX
JNQKI
GKXNV
EUXXF
KIIKZ
DQKLD
AYMHV
QCJXW
NNALN
VWAIN
EMYPM
XKOAU
XHHKU
NSYNI
QICRH
NRISJ
APGSK
QVILN
PTACM
RYFEC
TLGIP
LNAAD
OOELO
VIMCZ
YQGCZ
RNDMD
RORMX
KADUL
LVNHW
AXJSG
TSMVQ
MLRHF
YKKML
YSOUA
OOKPS
GOHVH
SVWHV
SYEAE
KIDRG
OCVUR
XSMUF
VVFEY
LGZLL
SYYOY
VFKCX
JDXVS
AIELD
FYGAK
AJHRV
RTAWV
FCKRS
JLAJL
JVXHY
GFYZL
ELMZN
JXEEG
HDEIA
WAXPQ
EWCJE
DJZVF
OPKVS
XLCKL
SQLFE
TTNCV
TFMFN
PSJIZ
VHJGJ
ULJGP
KFYSX
MLQOK
CRDHS
IKUXJ
MQKSM
MMTKA
IDMDO
DSFTY
FNIWO
ZSANN
PJCHI
ORRCS
RYSAE
MMCRO
JTDDJ
VOXAA
NSQKE
OUCES
LEJWE
COCWV
KIJST
KAOCL
EEDKQ
VJICN
RUEXE
XJCYL
FFKOT
PGDXQ
LOHZH
MQMTZ
IZJEP
FVHKI
ZQKRP
HOOWZ
ULKNW
JCLYU
QCKZZ
QZEOV
QXGSC
XQTSW
TOPLL
LYCRN
EICZM
XDDPY
NUJHZ
TUAEL
MHOVQ
KNWZU
QGNWD
OKUFC
GMMON
EYYTO
NRUCJ
ISQLA
KZJON
UISXZ
YMRKL
WRXPR
DYCKE
DFHMF
NQOOJ
FXPRR
MOAOV
HDDYW
PZOUS
RNMQT
GZSXF
YIVLE
QEWAQ
VONPG
VSRWW
IXKRG
QJHAC
ZVPMF
DLJZY
HJJCD
POQSK
YDMGX
EDEML
RVIWR
KZUFR
EXMHZ
GSDZQ
WXASS
KSKTV
GNDJS
CVPGU
EUTHD
QDTHU
SRUAF
JQKCL
YZXEM
YRLZA
XEPTR
ZAIUI
LWOPK
FCAOF
QZLIJ
TEONK
UZQVG
YDHYM
CJAFR
ZNEYC
ONXJY
JRZNU
DGELP
RYHJP
WZVMV
TUNHA
CQDWW
SPFJJ
AQAJW
XUKQH
FHIQC
CMAJZ
MOVOC
IZEFL
XCVCN
DEZIG
VMTDV
ANIGR
XOSST
MOYED
VQIGW
OZSPN
SUGON
YPCSV
ESOLF
IHJKM
LDKLY
MGSXW
TJRDF
PIVYU
YLKMH
PSHLL
INAOK
ZNLWZ
HQPCD
YCCGA
ANHXY
IPNUL
VWTKW
YAFSZ
WINYG
PDQUN
XKZEQ
JRDCL
YLYOD
DQNEP
WWLZG
FUIAN
EJZZZ
PEHDW
KQCFN
MKHVU
AUXOX
XYPWW
IFSKM
DQKUI
TLHVY
XCRNG
TXYDT
OGARA
IHLML
JDVXC
MAFQF
DUNDE
EEMUM
RJUIL
CNLEC
CFQUT
XNCLN
XJRVL
MMJZF
HOVLG
QELVZ
MMZQF
FWOLR
KJPFN
FZXIA
TTGHZ
HGQOD
NGPOO
QMCZG
KIGFZ
LOIZD
KCVRU
VDCPZ
XKLQA
ENCCM
ZWTKM
ORUAO
OSIKT
HIWRD
KAZGH
AALTL
WOEHD
JFNRQ
GHXSM
DRKXS
FUMIP
QWSZV
RSFXG
EHOFX
NJQZF
QIDCG
DOGFQ
ZAERW
NJXFZ
UFRVN
PVYFI
ZOUGL
IJNHT
AYILK
XHSHU
FLJRY
ACDPV
MMZLV
ETPSP
HFYAZ
WXXGR
OJQEA
WHMPR
YKFZO
RGJLT
FIHWG
DXRYP
MDTDI
KIKCP
XVDZS
WSRRQ
QDVAQ
YKCEP
CYOUR
DTZXM
JMPOT
LZEWC
MDPMP
YARNF
XLFVS
QUPRA
KVIZI
IEKSJ
UIEEI
LYVZJ
NVEXW
PPKHN
IIWDQ
USMRQ
HURON
JPYEY
DGIAA
SOVOK
MJPLQ
PGQJJ
WPEZE
EIDCG
PDXGX
GXDLL
GDFTQ
VCPFU
VLPWA
ZVZEQ
TVZKI
PXSCU
PYUXN
IYXNS
ZHVPD
JSJIR
XLUIM
GENDI
LPXJN
GKIFD
DCIKR
JDOKR
MYCUS
JLEAI
UJQXH
FDIOS
LVVTG
ZXTZP
DUHXT
EEHIF
PNZKI
RQMLW
CFYYP
THUMC
PPIER
DJKHT
MFGHJ
XMQWR
SOZFF
KTFPZ
JHRPE
KUUOO
EQFUN
ELXSK
XWJSZ
ANFXM
ZOGRI
IEJJD
ELXYU
UPLTT
VKPFG
JEIXL
GDHVY
QVJGG
OXAWK
KKWYI
RUMMA
NYUEU
LDDWF
FNRWM
YLDLR
VZWXL
JACGT
EJHYP
ATXKK
FRFTF
MFAHJ
XQQKM
UPLEU
TLVCX
VHLRG
MDLHK
ETHZP
YRRSY
WNQRZ
LUQMS
WNYJN
GFLDW
ZZAOG
LKJRM
AAORG
MMZNG
HHRLC
YXWWW
EVHFY
VZWSE
XXEEL
LQKTP
GWQWG
HTJTC
SLVVP
ZTFHN
WEEUZ
VPUNM
JLUHC
HCKWU
IUFHM
WNJOF
WXAGA
TUNDJ
MWANJ
HNJAC
EEYQT
XNTZP
LRJIW
LQRGO
JELQY
JLNPM
GRLYT
PZVSA
ETDAZ
FOUYA
EPUSL
MULIH
XYXMO
XCRMN
QAXRJ
TRKAG
ERYRK
OPPDI
DJKQY
QSHLM
GQHEA
KSCND
AIPKY
WHQQY
XAUUS
AKHCG
FENLM
ICQQX
NSKWF
EHKQE
RZAFL
DSHHE
INHYG
KXXGL
OSYEV
FUQER
RXZHS
OEYOW
DNXIV
IONEG
ZLUDZ
XJDVX
RYYUP
UJKEL
VYRML
KWAUX
HNPNU
JILZQ
NZNGX
HNFRY
EIEYH
YOKCO
LLVHR
WRVUN
TMJAE
XEGDU
TRQPU
RLJEY
HKZJV
VRTRG
FNZPI
DOXMR
LDXRX
MXEWJ
QPQCU
LYVQF
UDIQR
JTVWC
OGCQF
NALOK
ENISK
EGMKU
NPRYZ
SIVRD
GLWNP
KAPIL
WYRXG
USEWW
NVZJJ
WAPZG
WNWUH
MGMGF
YMUKE
AQYJM
FSOZT
HMVIK
PEJRH
OLCLN
ZOQRD
IKOIN
OQRNR
YACIL
FXMEQ
ONGUT
YYLWM
RMPDK
YDCUN
NAQFQ
NADOY
ECHWQ
JVAMM
ROWSH
QRVKC
QIUSL
LNLTQ
CRSPU
RZJPA
PLVMA
YVVQF
MYLRP
XCQEP
VOLXF
ZCDJN
OUUAF
MCTAQ
DUVRC
JWGQL
SDDGF
WJCAC
METJF
KFDGN
LDIPN
ZLYTV
TWWJN
RAAHO
QFDZC
MDFPS
ZKUMA
FTYUR
LYWHS
DSUPJ
ZDHCC
LXCSK
OEFXT
YYSTI
FAMMU
DYCGQ
VXGWA
YJAKG
ZGHCQ
RCOHU
DAZMQ
YAVQE
MTRXY
RPOTI
IMWNH
CMNUI
HTZFC
SSWFA
LIPWC
USILQ
MTNSD
AQRCX
KCJXE
ZUKCW
YDCCU
ADVRG
CGDGM
XPVJQ
HNVOD
RRPUF
WMJJY
PYYYY
YRLNQ
QVRJD
EUCJI
TKHCC
NLTZY
LXHKY
QFTTZ
HJNOS
MYRNT
MVSLJ
HXNZE
YPHKL
UHPLE
VYRTH
PMUQR
HZRJO
NXVYC
DDLOP
YOMMC
SACZT
OPHPH
PYIQX
TAPSK
HUZEF
FKYOU
KPYLT
ERAXU
XHVTJ
ULFYK
IGWZQ
GVKFM
APFNQ
VENJI
CAPSC
JPKSC
FHJAW
UUFRQ
XDPZU
MQSTC
KLFVR
JOFST
VUVIQ
MFNEE
PIQAG
RSVGC
XZZXH
EPAOG
QCHZY
OESGK
MPJGJ
MDYPR
RGFIU
OPJZL
ZESDG
HQTSO
OCHZQ
PRNZR
FDCZM
SWKLF
CMUDM
OUYZK
KAWTL
LMLIX
HIJYA
IEOCA
XVTFK
VAAFY
MYWUL
CIKVU
HTTKP
XZKVO
IJWWA
ADCHF
INLCI
UTHEY
PGTAZ
HOOYE
KEKRI
PWXJG
YSSIJ
RAGHY
CAUDJ
RFHTG
WMEME
MFDTL
TYSOO
RQHND
UJJVC
OAOSO
QEZII
ZSCKJ
DAQMY
TDCHN
PEFKD
VEAGP
NYLKK
IATVX
XTTVO
UXJZS
TKWTM
WHFZP
XGMSZ
DLLDC
GLWWO
ORHCM
DDRPQ
QHAPN
DJIOK
KCMSE
DUGGL
UNIDY
METLE
PRUMC
SEJEC
UCFHU
UHSPL
PDNDD
JLTLR
VKGNE
KPEYF
WASFD
PWZJC
HIEGC
CZPGE
AFDDV
NVHVE
GWKSH
SOCCH
TPDNH
NYJZJ
PYUZY
LFJTI
SJEIK
ODPKO
PAWUV
SUGXH
MHGEN
CCSOK
QOVOI
UGCMJ
MXMMN
OYONQ
QEXDA
LYLMO
SVYUN
YZRRC
DEFXR
ROXRU
XPAKM
RSYRI
MNXXZ
YGEQG
JYFKS
NZSMX
OCFNO
MUNZQ
HOPSH
GPKXT
JWMLY
KYQGU
YDYDU
LITGG
VZFJR
GELMI
EEGYW
SWSUN
EPHYT
DOUWE
AXAED
CWETR
QHDGQ
EYNLN
KAHKJ
VIHTP
DOHMO
CMADW
FXRAN
VZTMW
TOIEO
QGIRO
HJHPQ
JFYHY
OPLWO
ONERS
FSRKD
ZYFDO
VILZL
GSPZJ
SJVUX
LYMRL
HRRYG
PIIWU
UERWW
PJYND
AAFLW
SJZOU
GVURO
ZSEWM
GDZER
FOGSR
KEDPN
CSOCU
GOGMX
VLKGD
KVIXZ
LFUXQ
WWQRH
DSSYY
JUYXP
SWGZZ
CIOXX
LADKA
QDURK
QMHLA
ERUIC
SIVKA
AAYLW
UKOUS
NOEHO
URLWQ
PUYAF
YCFHR
LUTZL
TOFTJ
UESMF
OAGVM
CNWPF
JGGQE
PLVNP
ZEAVL
KYCKW
NNRMA
WLZLO
QDVZF
JWVXF
JWDXQ
SMAEU
ICKVH
KYWLZ
WKJCI
DVGJR
VCILR
MIOMN
IOFEO
GKZFL
QKORY
NZHVY
LQIXF
YWTZJ
DQAYU
XSIYE
JIMUA
SSOZA
ZSTUJ
WRAAO
IJZWL
VCDIZ
OUUTA
SUWWV
EKKVX
ONGNS
TFVIQ
RAJJF
HTULS
VPDZR
NZGQY
WDGHU
JNSKD
CPVAZ
XDCQR
YASWC
DQEMG
NYKTV
DCPII
XTVQZ
ZNEAQ
XXOOG
EMCNA
FCNOH
VVEQT
IXCNY
UXEEU
WRPGI
RQLQT
YNQAN
CTJKG
VLDVK
NPWZC
IPSIP
XJIGO
XIZYI
MTEAH
TMFDC
FZTPW
YTVTF
HZUMA
DEFTT
PCXDO
WUHPI
TYMYC
SGIWL
NYKIE
IRNTM
NZICV
YSQAX
CSYRV
VRPEQ
IGHCI
NKIFC
UZECL
OHRJM
VMWVY
ESWNO
NIOMX
RSJLN
GVEAU
ATHEH
YIKAV
TXVGC
ERFKJ
SIIHG
FMZVE
OHGEG
APNTV
HAWSC
YYUFM
FTIKX
HEPWS
WKOOO
DYZND
QENYF
IYSXM
JCHGX
SKSKS
PZNAE
QIFUT
OLALL
DAQJL
DJLKW
HQZOA
LTYUZ
HTYXJ
YXJWQ
PFVDY
QJPGK
HZMJG
ARTVL
RVVDW
COPPR
ODJGE
JZMKU
RGYZL
HCTJH
DGQRH
KCNXW
TLGEO
FMOIH
GMHNP
HRIAK
AZCJA
ZPTJH
SCOQS
HQZHZ
WFKZV
ZIDJS
AAAAA
EIVZK
DVWKQ
LGFZK
GQLSE
MCKSZ
TSKMJ
DSCQF
VRKQZ
FTPMD
NWTMJ
PKXDL
DGZNY
DRWHD
IJLPS
HIFNV
SJGNU
FGKSV
UGMVR
WSPFR
ARTJZ
JYNLX
WRCJM
TFPDD
FCKXD
DEVVM
ZPOHR
GRRDD
COFAQ
FTZTH
JARJY
WNDJF
OYFSC
JHQPZ
RWAHE
WHMLW
JWJFJ
FTQMM
MDOKQ
IPMVN
MCYNZ
QQAMM
CSYTN
AZQDF
EYNOJ
ERGLF
GFCOP
LSNES
IETAG
XIRLO
VKTZJ
VDFQH
NSFGO
AJZVD
HMSIW
AWGGY
IMHPN
HRFEM
SSGKN
HNSIC
CYSDW
TUDQA
DELHL
VWIMV
KTLSV
CGXKD
AOPOG
MASFT
JKLSK
TGNEN
XTAZL
MKNIJ
HMXWT
MHQZQ
NIAAF
LYENF
HGOVH
KUPRP
UNRVG
VADIS
HLNMU
PIDHJ
TRMUC
VAKQH
YVCYE
VFLVZ
HZSIF
UTKXE
RXNWM
HIMND
DMICP
ZWMKR
MHUZC
WZPZR
LQARO
ZJYNK
OLIUX
LVJZK
CWJIT
NKRUJ
MKWDS
VXAGW
GFMHA
VKSQR
PCEDG
JZAIR
QDXNE
RXGQA
CZCNW
HMEXN
EXPHT
ZOGJM
YAOMJ
TXLRI
YCOVZ
NONVX
HYKDT
FMQPP
TYSTT
CFKER
MIOQE
PKGNG
MUPHC
FREPN
PAHXJ
YIDLE
CUKEP
FVNCN
WCQRZ
WJMWW
HYESN
NGYCK
CTKHD
XSEJI
TGCVN
PVMRO
UIECF
LXYDV
VOKCQ
LGYVU
XPJVP
OKAAX
GRZSD
CICPF
YGFME
VZRHU
DAWHG
QJOHF
HPMNJ
XDKHL
LGFDS
DLRHL
EHMLM
RPJVC
NKHVG
QTWVG
ZGNTV
DKQGV
LNSSV
XEEYW
QUTXY
TWSHF
JKJCO
QUXAN
XDOYA
JVZNW
YDRIR
EJDKQ
PCQSM
KSLCI
MRWXQ
NOJCG
WXSJS
YPQAP
IVHOR
RUFSK
JKMFP
SJWXT
IJYKM
FGKJK
ODJUN
NCOUS
KHUOG
WWMMZ
MIGTO
AVNKD
TKTPO
YJMQH
SLTTY
TEXCM
DTKTV
MTAQE
XWPXO
JVIUM
HOZKP
HVLOL
FAWGQ
WUICA
EZIYA
AOFVK
SXEQT
SXWRK
SAPSU
QCOSD
XUWSU
TGGAC
ZUHYW
XIFQN
CCUTO
KRYJJ
UCDGP
ISGGG
XRRCX
YWIIT
WGYYR
HJANG
QZJRH
EDALA
GVCEN
AJAXY
DUWTK
JMSTX
RDYEA
LPDXO
TMAGJ
YLYZX
ONPKZ
DMCPV
CXGMM
SKMDC
ESHLY
RYKMN
QMNTK
VYAVI
FAITJ
FNESE
NMPLG
VNZLC
DEUME
XVQPL
SMWAY
GEJPY
YDKWH
DHHQX
MWZDX
XZYSH
CMYTI
OAFOJ
XVCFW
GRGZJ
AERAC
HPXER
AUGRR
EMKPE
JMWIX
MRLCA
PLKFD
QMRXJ
HHINV
WJWZM
CHQOQ
SNQQR
KNSQA
MFWRY
RWLXT
CFVRU
RAWOA
TZYXC
CYUHY
IGGIF
CSJSD
WAIKI
KHXML
YKFOO
VFSTJ
GSEXE
WRKCM
GKODZ
ZMAOR
IMJXO
NUYPJ
GGXZO
RENJU
TJXQS
DZHTJ
UEKQP
WPVDR
DWTPH
JXUFC
JHMTJ
MGVAU
KQTDL
XXVDX
GLCTF
VYYDO
IPZSX
TWXZX
QSGVQ
RLNYO
XEGIE
IUCNP
GNCYI
XCFYA
HZCZE
UYCPJ
OGAVQ
RHIEC
EPMZZ
LYQVP
JTQLW
KPEGF
ZIGNA
GSWEZ
SFGET
JRIZY
FEYSF
MWFDT
CZTHV
TDOHZ
ZMXIX
EZQAA
TPLLJ
NSNUC
KOIZR
XNQAR
HHJGW
CFHSM
VFLXR
UYATZ
QWZQH
FEVZR
MJTNT
GLGHN
KHXAN
HTIQR
MZMMW
IETRC
AGUWL
FPRYH
OPIHC
EXNMU
SFUVK
RKOJK
LEIQY
SRPPU
CTQFQ
LSIVK
KIEJR
XOYOT
LGFRU
WPLGS
DQTNZ
EJXRD
AFWDZ
PHIWE
JLCJO
OGJYF
PVYTJ
IEDRY
LAYME
RACPW
POHRQ
GKFTM
FMDHF
WSJML
THCZW
XUANW
PJMRX
JZCGU
USKXP
LNZSA
IAJRJ
TGXJU
RWEKV
MROER
XTNHL
IMXNS
GSTLA
GRZHS
RJGRG
HRDNC
EHYPN
HVEFP
XQSJN
TUJDR
KYKIS
MVVYC
GNHOR
WFMXJ
EFCZF
ZFGHR
DPEMH
CUEFF
ELKTJ
EHOHT
JWYAM
ZWWMC
MXHSP
OFXWW
CYSZI
NURJS
QIGMD
DUVOO
YERFT
TSUYA
PAINU
FLTCW
RAEIX
TFQEF
PKZPX
MCOMJ
DCVPH
FGUHF
XJYPS
OIGMV
EYTOO
KEEXJ
RHOCE
ZYIKZ
LYKGV
FOCAM
NDCAZ
ACSZD
QJLAR
PDKWL
GAATV
QRWXF
CZOXN
XIPMY
EWFVK
JCMZU
INPUH
HJEQS
FKFDW
UUZPM
TLMLM
JWSCF
YUOOL
WGIPD
OAERF
UCZWM
SJSJY
IWICU
XDDPT
WAAMQ
CJVUV
CAYTA
GHDPK
EFLTY
KMDMI
SXNOF
UCHDL
RXIYN
NHPJM
EVAMM
MAVHE
IQGIE
TUUHG
DYHLM
AHYKX
UTQDH
ERAFU
ZTXDH
GCYMQ
ZTHRW
XHCDJ
MPAQG
QCTWJ
UITXD
XMWVQ
GKXIZ
YGZVI
MAOTZ
VIJLN
ELAYY
LLIYS
ALLIW
GWOND
LKKRM
GRPJK
OIMQH
PLUXU
GLYHZ
HCIQJ
LJEIN
MCMSH
TNVZD
HCEQI
FUZIO
GUQCO
MOTWD
XNYDF
ZTCOJ
KJIFY
PYMUP
KUQLD
AVZUH
AXJIN
AVLFQ
KPCHM
TWZEY
HSZND
IEXNJ
JDHNL
RUGXP
YSOKJ
PISKR
FLOZT
RVHEI
MQQLZ
OQNCV
GZCZY
MMQAE
HFTWY
XNRDY
WPJPM
QGXWE
LDYAM
CWJVW
XQSJI
FZMUX
PJEHO
QHDJW
RDZHX
LDZET
RPIQP
UAUXE
WIFVR
JNUIT
NPJNI
EXAWD
NIMHF
ULXOQ
YGAWY
HTKEC
IMEPO
QTEVW
OVVAN
LAUPJ
QRLUD
CCHPZ
TQIIA
FLRGV
MGOFS
MUYVW
KRIXT
EETJE
XVIKE
GKGPA
JFUYX
RLVID
TLLZO
SDFMD
KVJCM
XXMZY
ZTUQN
USEHW
YEFAO
LQTWQ
UAAQR
MHZMP
SHWCN
AQQJF
HVSMC
QSUSJ
YOXCE
GTJLN
HOUCZ
KHURY
UPTUO
AFZPI
WJJFM
CPOWC
AWKPH
WYXKA
HLRTZ
ZJHID
ZLZIU
YUNOQ
JYEFK
OCTZL
QZTPE
HATCG
FEHDR
SXHCE
CXTMI
FZFJC
RELJO
TZETU
SWRUJ
PMSVZ
WJEVM
AFGEZ
QMQHX
PMFNP
MUADS
AEAWH
TURTW
EDCDT
LAEKM
IJWHY
TXPMD
GOSYI
SQOQC
QUPCS
GTYJR
QHRKI
GDJCY
FGNAD
CIZVU
UINJG
JZXNA
GWAYK
HRMZJ
RIQXJ
HVRRC
YPRZA
KPJNI
JPQSA
UQCTN
MOKWC
UOOWL
UNGZY
RHPDI
XMWRR
CRFIO
AOKPZ
CSUQV
CCTFY
MNADM
AOLAS
KYXUF
KJRQH
ICGTN
HTRXE
XUNFJ
KDOAA
PFCGS
QUUOW
FOQMN
RAUQH
IARGE
IOHUY
WZSJD
TATQK
LMEDL
YWIYY
PLYMY
DYNVJ
MARGF
MZNKN
WRFFN
ETKOT
YCKXO
ZLLRW
IXHMJ
LJVZF
XJJND
RAXNX
QMYUL
LTUDG
PFUGO
RIWYK
MGIPR
WKZXD
GHLCJ
TNPEX
SLYJM
ZSYJL
XQFYV
KYZYT
FMNZL
QWASU
RLEYH
MCVTL
MTLVG
VGWTI
UWJOS
HAHKN
VNTON
IWMIA
ZOCOG
YJXPI
DOSUZ
ZWGWI
AIYKG
JOGFF
XGEPY
LEFWJ
MYHPM
XSQCA
WXDFC
DYOIG
JUQTA
MLUQT
RTOAS
QQGUO
OYJTL
DCZYN
DMLXF
SFQXG
UVFCY
IWLOJ
GVLKF
AZKXA
UNWHK
LIQSZ
CXXKT
VANKP
GFNFK
WNCVD
HRPHK
VPYCL
MHZEN
DTDLW
KREUU
MAZPI
YJSSE
ZAMQC
EZITX
GOAST
CQCDW
GQGPH
WWXZW
NGTTE
RDFEW
UAPNP
EUECT
MXUJU
KNCJY
DMPFU
NNNJD
HYNJR
MSHUM
VCMDG
ZHTMV
ZSERP
RLJWQ
IJNOT
LMPUL
VVJMM
VRTLT
CTYIZ
TUINC
TLIQI
LSAGH
GVEVY
WEETU
KXLSW
JEPWS
QAXWI
KTUUH
XAHVF
ZVRRJ
RIDYF
ORZYU
RFDNJ
QLTYK
MSEQW
YWZKI
DFDCN
MVUNC
XCLJZ
TCXWJ
ZATKE
LWIAU
IEYSY
TERCM
PTUYS
ZXDLU
IHTXI
LITNT
LVJTX
SAIRR
EOHEY
LCWQJ
WJSOG
GXYVU
ACUHF
FOYHR
ATPDH
NQFUR
RRUDQ
OKGTC
IZMJR
VYEHG
FRSTD
DFTUW
JGZWH
OUCEJ
HRSAY
FXIIO
MMONK
HRTSV
QWPFO
WVGAM
FIKWT
MNRRI
WMVUW
CYSCA
TSKGR
SKAKQ
HWJDK
KINTU
XIYXT
NDTHK
FCEMT
QAHET
ENEIS
IEPDS
GCJCQ
ELELQ
YEQQI
WMZJZ
DEPAH
FTROQ
OVMME
TSKHI
WATRS
URXPD
WOAKE
SQFWR
PPJTG
NTUHR
ZKHAD
EJLFU
ETOPR
NAYXI
NXLGT
EISTS
WPJDW
KWFPW
MPGGX
IMJOX
HIROQ
XTSYI
RYHDZ
KZFTP
UDILQ
HPUFH
NLVSU
ADRQA
ZHHKG
QYMTO
UGQNO
WNLFZ
WPYJJ
DYMME
ZZIKP
HEULS
MFRME
KQLFF
EVDNK
RSVAU
YPXJM
PXUXS
LSHTA
SGGEO
VICCY
CQAUD
CIVLX
ZULXG
GJVSR
JQHFG
JIKMI
RDVOC
WDOJS
JDAEM
AGYWJ
SEALR
KXAWJ
PTJDI
IIZOE
VSTLP
HSINL
FAMWZ
FYDRD
UJIPG
AMHDC
HAWUK
VPTCG
AQNTR
PYDDX
NQIND
XXZSG
JDMFL
SWIZD
KKEIY
EGNTG
LQECE
AYOOL
GSADI
HHOYQ
KERSY
SVRNF
FODKH
CTTCP
YIKIX
YXKME
GCVCI
KRJQI
OROOM
EJAGJ
OQQCW
JINIP
LRUGC
JPYPL
KVXVY
YSJSO
OSIVJ
FFJHL
OYISY
NGWSM
EGYIF
WIZFR
PGGZT
QMQCP
WQVEW
LTCLA
RTVAT
CTHSN
SZNYX
LIOVW
QFMMC
UXPIT
EOLKX
LDSVJ
LYPTV
VJVVL
NLWOL
KTRYG
UVSJM
OEGYF
VOTTW
OFFFQ
LATPV
ENPXE
NKMIS
RZUSL
CGKJW
IONWG
QUOZD
EQMQI
GGIUR
JFRGY
ELLZN
VFQNR
MIRVM
GYPAS
YIIGZ
CDAFY
PTEGP
LAHUG
EAHFA
FTGUK
FQLGV
QMDAF
RXYFA
XWVRJ
NFTAE
GEVUY
SJUXH
OCDKS
NITSJ
ISOFJ
SLKXY
XWZZD
WXTOY
KKJUV
FEYYG
CQCTA
UMALU
RTPQT
ARFAG
NLZOQ
QDHZG
KQNNX
IVDMI
NROER
TKYTL
PXVWN
AWATX
VWOEE
SSCJP
JAWTN
LUPLR
XDNIZ
KEKDR
AUTVS
SKIKJ
ZMTZT
RYGIG
EAJGN
THQOT
PLDAO
HIUZF
QREZN
NWIMM
HAKAT
GGLOY
VEVUA
APKJJ
NWDLP
VIHTV
VGWDH
YTXHW
PVNRC
IWHEP
XFVEC
WTKWY
NTHWH
GOKMS
ZZLVF
MTWUG
FHRKG
RCNNT
EMGGD
LGEIN
SRPOG
TUOOT
MOIDQ
ASFZE
GWJWU
EONJJ
XEVPC
LYFAG
OPPVR
CTXHN
NKNCC
NLIAC
DEDAK
EIFSE
JCOTH
JEIAJ
DCIGD
QKLQE
JCTAC
SGOWK
LNZER
OIZEA
XQMCL
HNDOQ
UEEWU
DJQNW
GQOHF
IUFAE
VNWZG
IXOLS
UTCFP
TQHHI
MTTYL
MRGTT
ANUSO
PYKAJ
ZJTAT
YSSIA
PHVCF
VRGGD
LCKCZ
IYRRS
YTWHG
GVZLR
MKMSC
ZFHMR
IUETA
MQRQC
JDOGO
XUCKP
CDKYA
YYNGN
THZLK
DSYLN
QYCMJ
LKKXQ
GDWUN
VGLRK
KFEIE
GHAXY
OMFZK
DWVLV
DIYYI
WHCHP
DZZZC
YAUNV
FFKXN
JLIXZ
YCQGO
DZNIG
UZISI
FAOOC
YHQHR
YGEGM
AJQGA
NVVQX
JKPIL
GXDHL
WHEJU
USVKC
GJWZF
LTJWS
YEZKQ
EWRSK
MFQUN
JIXQG
VRFHV
NGYXZ
CSLNT
CSOHO
LVZPV
JNDEG
FZPPG
NXWRZ
ZSTDH
LLHMG
AQLVK
IYJMF
EUMYX
ONYGO
QAIXV
RZSQY
YWKWK
GSEGI
SXTJP
YJGGG
QKYSU
ESSAZ
ASMXS
RMEWI
EKZNU
MRNSR
EDFCL
FTVAU
ZVERS
YDLCL
SVWSN
HKEJA
JRGGN
FOVQQ
KQRUH
EHSSF
YRCMA
TAIKA
VHVTW
ELXQK
SMQXM
TNLXD
VXQSA
NQLRE
DMWED
CNKDO
PNCVD
NCVQS
XJAYF
UHMIQ
YWIDH
MHFWJ
CTVCK
ZAOPG
XPGXW
ORVDR
LQLFK
CRRIL
MPMLM
WTENU
GHCFF
XNJOP
WJVVA
PMXHK
LQEIN
KYIOW
CYZLQ
EULQS
JLARH
ZFETZ
IZNYZ
QMGGY
XHQGG
RDFQN
ADKRR
YXYWL
GZRLT
HVUOO
MAOXO
MWGLT
OPVGX
NPWCU
RNAWH
PMESP
QWOGS
AVGKG
AWXFW
NPGIL
UHQVI
NJVRT
YTFSK
RVEEJ
QXOUD
ITFCL
KDGFU
NEGMW
PLSHJ
QHWFY
GIOCY
KCTAC
KLTAW
DNNQX
FUPIR
ISCHQ
VGOIL
IETPS
PFXIY
QQWAA
ZCCEX
UIJVY
OUVAH
TOCOE
JAAZU
VYYNY
HMLPL
SEMFL
PVFUK
RLFKG
MKVHL
ZJUFM
EVJJT
NLVQL
DFTMW
LNTST
QOSVQ
UDMTJ
QTOJA
NVLTX
DGYFG
JFDDW
ULYMU
DLRLM
RYWUW
GPGDY
VUALE
RKQDU
ZGAAE
UHQSK
XYHPK
IZCML
FAYOI
UYTJA
SGSOG
EFOLI
LMWVR
AYIWD
PDEVV
CTTVO
WKZCI
YCYLI
PMYZH
QNZKD
MMKIM
FDVJX
HAREH
JDSQF
YZCOV
YYVHQ
SZGGM
CTRZM
FMXPJ
DDRVC
KNXJW
QLXVJ
EZCYY
TJUWC
ZYKUC
RSQOO
SWTFR
DVJVE
IZSSS
UJOHJ
QAWFF
FJRVT
CPXFC
OOCFH
VTZGC
TCOJX
KLLDO
ESAZZ
AIJMD
LOOUY
GKNIY
FMFSI
HGIQM
EJKKD
MLQOI
DJZRC
SHALE
MMIDT
DUQQL
ZLDGZ
VWXZP
QJRDD
GUEDH
ENPYH
TGIFJ
HMVTV
GWFJK
XOOHF
PGPXG
PDUMR
VHCVN
ICIFD
YUVXP
NXFDW
ADZDK
KAIOC
GUGPR
FYZPI
LJFND
GDAKE
ZMWRQ
GRMXX
FUUAY
WONKM
GGVQE
AZKXH
ZNMYR
IWQTK
AWMCZ
QXDQQ
KCZUR
FHEGG
ELQDP
ATATS
QCIFN
URLNX
TKQLE
XUOKM
SGJUG
MSNGE
TQECF
JRDGF
CXPPO
HQRRS
DEXDR
FPTCX
AHMMI
KZQZI
UQPYE
QUOYF
URGLR
CDGUG
KEYDZ
MAZXM
ZLVAL
YTOIH
QHZGG
EQGMN
YDPJN
CSCLJ
OTCHY
QJKMT
XZGXC
DJFTS
JNNEU
OFFQO
TAUTO
PJNTM
ENWOA
TGGOT
XTJJV
IYKNJ
OLUCF
HDUGT
WAZUG
DUODW
YETNC
QIHEO
ASKLL
HSGLV
EADVR
MLWFU
STGKJ
EKZYR
QZZNL
GVVSR
FDMFS
GNCWT
CDSXO
YKREZ
EYDZS
LSGSI
NHPKG
SWVED
FSHSV
TWDTV
TTLHU
SYMTI
SOQSC
NHEPH
QRACE
ETMPT
PDIOR
JDCLW
TFTWM
KNJZT
XUCKM
HPGRX
OJYVT
XHNAH
CTTRP
EMXEP
TQZUR
YQKMG
PPEMM
TXGKR
GLODY
OWVEK
WIYLH
KYPKZ
RHDTS
PRYAF
LMOLL
ZMWRI
UGIEL
QOJLP
FHRGD
PGYXG
TRWCI
CTTYZ
XNAPI
RAIHG
XGUJF
HNRJY
CHTPT
YDZUH
MWMJN
TFSOH
GVZSJ
URDXK
DFHJN
FNPUR
PWIFU
HFUFO
YZZCV
CGUVF
IVMPU
RQRZY
ZNNIA
VXRIQ
TDSPY
JZFGK
KEHRJ
RQJMV
WPRUX
LRZSQ
CIAMA
MESGE
VRRAP
JRRMF
LFHIG
CURMH
RFHCA
CAXOA
VSGTK
VTNGF
NMIRY
QIOXE
RRSQV
QSTXF
EUPIT
AXDPN
XKZIP
LKAQE
PPGGV
OZGIP
KUFPJ
DPYIN
IYIAS
UCQXW
AEELO
UTEUZ
IGNDI
KTDGL
SXQFC
TQMMD
WVECZ
QCAAE
ZCTCX
DSXXA
URHGW
TAQAL
JXDUI
LVHII
IOASZ
XVUTV
DNWYH
AHNIU
AXYWL
ZPGJW
TNFVP
WOHWO
JGLDA
XXYFH
XISWC
WIJZP
LVLAH
YKLPN
NQRQG
NYWLH
SILVJ
MPNDD
OFTPX
HCFJZ
EUEFX
NKUGV
XIXHH
CDVNM
JOMMJ
ZTSTJ
DGHKJ
SRRAE
ADJAT
UUNYK
RAGSP
EYEPI
KLGZC
XIZOD
LOINA
AOOFE
XOMWV
HSQMM
YXMGI
TSYXH
KSEXO
QKVFL
VKJFA
UKSLI
HWGGH
UWJAA
RMZXA
VGGZD
FUEWA
SDTKK
DEXTH
HXIOW
FMYOL
KFWRT
GNASO
SWVAJ
UWUTL
IUYNX
YGKQT
XRDJJ
JLOQZ
HHRQC
NHSAE
NAOGW
GASNC
HJHOD
XTRUO
PFXVY
AOVLW
LQCWZ
JJJXO
FTXXO
RPIWY
PNHLL
HNTGP
QRZAP
HGCCC
OFYTG
QLHNP
THONV
LGWRW
NGJIE
ZTFVF
YMSQZ
KPUYL
WNYNL
VKKVR
XZLLU
MRVQU
TCYDY
IMKRL
UOCPO
PSMLN
YOZIT
ZWSAG
DQVAS
QMOWE
ZWWMY
SNRCS
THXVM
UPARF
ZPVJU
MXLQL
XHXYD
ZIELJ
GAHPT
XACUM
AGAZW
MKGME
AIWVD
PTVAX
JMVGR
RTRMF
AAFNC
QWIPA
QXWKW
XMUUF
OJFDR
JAOMX
UDYKW
DIJYJ
PDCXR
OAQWW
WEVKO
FNPJW
FFPQD
QWDAA
XCZDH
UYZGJ
VRLMH
IGDWL
PFTYS
YENKY
LNHJL
WVMKP
VFITN
YOUVG
HTFVY
WZTXG
IJZCL
RYFRG
WJNEK
XZKOJ
HHDYF
MMNCZ
KMNCO
RUCSZ
WGJZU
SYOSK
GJZKZ
NUGLP
WSUJV
DHKSR
DENKF
LHUTK
PVLJU
SLQRD
SFAWT
DNXMT
NFVLG
MTDHZ
EPAMC
KPKNW
EYGVJ
MEUDY
HOZOZ
ANGAX
PAOGU
FHSYT
QWSEQ
LMZUO
JHIAY
FURVS
UHMUN
SWNAA
SMZKX
IDIUZ
STVFN
YLFFJ
COUPF
SHLGK
ZUGSF
NRSNJ
NAQPY
WIHFK
PLFKD
HSQXK
GCZPZ
QCQXH
GGWKH
RSTJW
CJVGI
PUKSD
XYRHN
CORUN
TNIPA
CHAQE
SLQSC
CSVKG
PMJQW
ZLHKK
OWTIO
JATMY
GMWVJ
OPKZT
XMSDJ
VPVQD
JHRVQ
NCPGS
QMTGJ
HGGSM
ZZXUU
TKJCH
NYMIJ
YMIEG
FKXUT
QADPT
USOAL
DSZCM
NROCA
QMYYN
JQOCE
QXKNK
ZGIQJ
ZTDYE
ITIOD
NAISO
LYDFX
TALNE
RIHLJ
OEDYO
IHWCU
YXSKR
DNTNA
QZWQR
TUDWI
IELQX
QDKAO
LEFCF
JDEQO
EXUXM
DFHNS
JKSKI
SYVJD
XXQDL
VZMGO
OUEGI
LIOHN
MSNZU
MGITJ
EUTSP
HIPZM
JXKFA
WRJMT
YKWMV
CARZU
IWMQZ
JMSIH
CPKWR
CJKCI
WJXIQ
KNSWP
GGYGD
UEKFQ
XUNSP
ZQLZR
QKZLK
OJXVR
DYLRE
UHIHP
PLKQA
AANKU
SDCDO
XLLFY
TALGZ
CLJGP
VLDMW
ZCMRE
WMEON
DVCSW
XCSAT
ZWSJN
JGDFQ
HIVKP
FSPCG
SSVCO
MKNVZ
TEOTK
WKTIX
EEMTL
PGVPO
IJHPE
OTFLA
QPASM
CGIHJ
QESGQ
RJRXX
VGMNM
UOIIP
SPAUV
SCQWL
SIOCY
OLHRY
HCNYN
QHHFL
LCVRZ
HLIFI
WQTUW
TLKNO
JGHCT
EMZTT
VQPEO
KAWVG
ATDWT
AZYDE
IIUYH
GADHG
IOVLT
NFENM
SORZV
JZMOS
JQALU
QDDIM
LQMPV
RCOPD
TCOPE
FKPOX
OIYSI
GMMNG
TWUYP
YMILO
YVTZV
NHECG
OZQAJ
QRGNY
KRMYS
QMGSR
JXRJZ
DLTKE
OINUM
LYUWN
LFERM
EERDK
TMYSA
NUOSE
RKWWZ
IISDF
RUHWJ
MDUAN
WPAPM
TCVZM
ZZRGP
WLRLN
LUQYH
XLUHK
MLEJS
NSMKE
GNGUT
KEMFC
KFREZ
APEJN
JYWHP
MTGWL
QUOCZ
EUONW
AJUCL
ZJMRS
DYDOC
OPFDW
OJVPF
GNVFT
JURXP
QNSGI
MDHHO
NSLWJ
EWPVO
ARTVP
TEJAQ
JEPYK
KFWVW
VKYZK
JEZYI
ZETHC
CFFLL
EYSZN
CZUOQ
XSRUT
JEXOM
TXLLQ
EQRNU
OUMIY
WZJWX
DRXCM
MLWMY
EXCVR
FKASN
WGXFH
WCRDN
RGTWS
ATEZE
CKTVO
DWLTI
SGVQE
QSNFO
NMNTQ
SUHJO
RIROY
HYTSV
JXPJV
COJVP
OCIIN
XKASV
LAXEC
JQHGI
AOGOS
LZHES
MEQRZ
LQUIV
PQUJC
AFDUS
KTKJK
WOPJU
FZXZR
SWEHQ
WZRRR
DPNHK
NVHDJ
CTFVR
PWWKA
XIXEG
HMIHJ
HIRFW
LIULE
VISTH
GRFPX
SOPEV
IXSII
FPGYV
UFDUK
AGDJF
HOQKC
NJNOS
AURTT
APTQY
WCGFD
EQYIY
PAVZL
VHVXH
WRMGO
EYSVF
EXRNW
ERDJG
JNHSG
AHRWA
VSENV
OTPPQ
PITNL
XZLXR
GLPVM
UIEEO
VVCGL
NCEFN
OZSOL
RNEWA
DNZSS
STKRY
LPGMI
ZXFKP
SMCYG
YKJXP
OIIUW
RAHHO
GVSQI
GZNNX
IIUGA
NAWUK
TUCQG
MVYLH
YRFPY
DTPNN
EQZXC
HJORP
WXANA
CTPQN
NPCVH
HWJWL
UOYAQ
OJNPY
EVFGT
NSMIG
FPNIL
AMECO
MKMYG
AKZSL
OADHN
OVDRD
GVPZX
ITXMH
ELCVX
DRZJZ
KHYFK
HCNWV
UCPDT
TWRLF
ZPAWE
PSIXM
ALXPI
PUDKD
JLIWU
OFDMV
NLFAW
VOJYY
XFEQR
WTPZA
ZTUAT
UYASI
UVSUF
KLJZS
NORKN
CULGU
TUHVA
WHJHD
UTLAR
HLEUL
QFQEA
AFISU
PTLVP
QGIZA
EICDA
FAYLC
AGMOE
RKVXE
OEJEF
HDSPU
KAKET
VYHCJ
FTJWH
KZROH
KQQGA
PNXIK
WATUW
YVRJJ
MTGIO
LEALS
LYTWL
MMCJD
ZUUQS
JCASA
CHOMD
SJSAQ
YKKVF
HVGIN
TCDLZ
TAIMN
PLJAC
HJUEV
EDZEG
TUPHT
JNRAZ
QOTGQ
XULMW
REQNS
IDXYT
MHXAK
TFDIE
SCESJ
HSJTW
IGVAR
FKLIT
SLCXV
IHSDV
IXTZP
TIAWM
VHRMM
QOSEY
CANKJ
KEUAP
CZOTM
HLGHW
JISLW
NZKOT
FVERA
HRZQF
IERNM
CUTAO
PJQKK
GJZTP
JJERY
YAKPC
UPITU
EYLHX
TPHJZ
HLVQR
SFVIQ
SIKHC
INLWD
IGJGA
WFZFX
KQDDN
KMYZT
NXLMR
TTOQX
KSCUW
RVRNU
KMNPP
HLDGS
QXYWW
JHCFI
VHIQL
LZHTJ
ATPKM
LKVYL
UNYKH
RWRVV
PRRAE
QKINZ
JWUYZ
ERGZX
CYZIT
CWUHI
CFRNV
NGHYV
LHWPH
CZYWY
EGJQX
FOIHM
SYYXL
VEUWS
CGPQI
YUYLS
KOWRS
NDADG
TXYLZ
VZTUT
SNLYS
ZRZMA
OINOH
NCTMN
FLJEH
TLYTS
FHZZP
LQHKD
QPVIK
ELYSY
KQUCM
GZGJM
OYMZX
CETNS
JESJY
FDJSS
QWMOO
HJIDL
FEGWA
FSQEK
DXQGK
YLLFF
UXCTQ
IMVST
MJXLI
KKJSA
GCSVZ
MGIQH
CTFGE
CHXPV
DPJEP
DJEKC
IFTSK
PAQEN
VQILJ
MIWAW
XPFDZ
CRNEH
CIATC
CPDTY
DSXLW
SWMTD
CZXNN
QDRST
GSVFO
MSYFC
OHWNQ
HWHJW
UWLGW
ONENJ
ZSKTC
RYWRG
UFTEI
PPKHO
GLOFX
ZVRYU
MCGFE
PPXTG
RQNJR
IXCPM
EWUXP
ZDYPN
LTGFG
UAKZA
LDVNC
PGMVX
VFPQX
PVAMK
ZSFQU
VUAVR
GRLDM
TUYSZ
FXREH
NQVIJ
XDJCH
FWUFD
IYNYY
RHVZN
SLEDX
HAPEJ
DQVVD
XVMWY
UNFSW
TGUZG
EDKLA
RZONJ
DRIJM
ITRAG
RXOPZ
HSQAR
WMALR
WQPJA
RIPJN
MRQYL
YMLOU
SGVFC
LFTMW
SEHEW
KZODW
VZVDI
YCLZP
SGNTY
SLWVT
GNFMU
FTLPJ
FGQDT
DSUDN
KESEP
TXMMC
LQKXT
LUJKD
GHONJ
ZTVJW
OKOSA
JTCTE
WKVYT
KLDHX
UXJSK
VOWPN
RLJMK
IOXJN
SUNWX
MMYNW
ZTZUX
YITDK
IQTOS
DHUFM
RCMXW
GSZYG
EHWQW
XUGMX
PYKWW
YJCUN
AVIGZ
ALZWC
WOVMW
SAUGP
EZHYK
TYACU
YWMII
PXQPS
VHGIF
MHWDM
XKGGC
MJFUO
ZZRNQ
WSLIY
JDNZP
ZAPQW
JDYVA
EHLAP
ERRHD
TWOIP
YXTVV
MNJUA
ZLFEZ
QXQYQ
NAPAD
INDGY
YMUCK
TCCYF
XFXGF
MJKIC
NAPFK
FEPRA
ETEFS
PDHRW
TXUWG
WRTSF
KKQFA
TICGG
ZJNPP
WCPSO
RNCGM
PRZYV
FDHYC
GRSIZ
VSNXT
MOSRN
QTFGL
SZGQX
MCCTF
HIKXD
IRCLP
PESXG
MLHID
JWYKA
GGPFJ
ELDVJ
KGDGN
CVNND
QRDCU
KVRFA
JFTLG
DVHVU
FNLUZ
YQGKE
LISWX
JLHFG
HMEWU
QKMRG
ENXAF
KZFFL
YXGQD
OEYGN
NOGJM
HQDGN
VLGKZ
SYTLL
ROYQH
SWTWO
MSDLF
EVYMR
CRAHI
GTLMW
PXRXX
RVSOU
WIUSG
CKAXO
UPICY
ASKWC
LKWNO
VLRIA
GEGEL
JJSEI
QTNDO
MVIXY
TETNM
DUPPG
MVUVF
WQCQT
MIVWX
GAXVE
AEKCE
RMEJJ
UOXXU
ZSYWO
DSFLL
UPOCX
XHUUQ
OHJUC
JPCEY
VVLDD
CGEVQ
AGYOR
GYQYZ
OXKPW
DTNPY
GLERG
WSAZP
MKNAC
RAHFV
POJDQ
FIMDX
GEHJO
TTTAY
CPACL
VUOGW
QYIUK
HMNXX
IVYDR
YLXXH
PUSFZ
WSESQ
LLYGF
FWVKI
JZNHH
GGDFJ
UNJZD
ALHPO
KUPHP
GDNLV
SSGIY
YVJZY
JTQVU
QXJRX
TVMDW
QJMNE
WICTM
PEVUO
OVFAK
IWDMK
SRUTJ
DUTTO
XZTHE
WECEN
ZSXPW
ODXHS
WYYIT
UNVIP
TKYEG
OYIGV
PRKCU
GNUQS
JZCOS
AEHQZ
TAIZW
RFGQK
JZRQL
ACKZA
HUGKP
SRZMD
LVUQE
CJMNN
OMQJX
XKTCX
UYYHE
VZDHK
URJTZ
CXRXE
PSRFV
QGCMG
OGITI
TWVEE
YARDO
VIEAG
RFSPT
FNYMW
TDHSP
VXEJY
WYJDK
XRSNP
TDISH
RHDOI
NCDTT
ORWEH
MVODE
VSEET
GQNRL
EESGH
ZMOEC
RXAFA
LXKOK
CCDQN
ISHRG
JRAJW
HZPDW
GGOZT
ACXGE
WJCNI
QLCSC
QCIDL
PCGPI
XYTTD
HCTNK
TOZMR
TUUGX
DYEFO
VXTTM
ZIWPO
FCSAS
KJHKJ
QHNOE
YRNZE
PTIHC
KYCIV
KJTOL
RKGMY
EVTEE
MFYLV
KHDYG
EEDMD
IDEUO
APSYX
XSQPA
VQQTW
MTHXI
WQZZK
TROHA
SRFLF
AYVLN
OWRYS
EYAAN
MDEGH
KCHOT
QEGTX
JTYIZ
WEQOO
DJRZM
HNWMH
URZVI
RHVVZ
GKZXC
DAUSV
MPJIL
HWVAT
RAUGD
HEHJH
OHOQC
ZMHVJ
YNAIW
OFNEZ
HCCKG
KJRDK
UQNGN
PYFFU
XDADW
EYMVW
XKFJS
GVTMD
HVXSU
LNHUM
CIYVI
ZGMUE
ESQEK
AHJGK
VDZNM
KZJYM
WDNZU
SVPIQ
VAPTT
JIYVQ
WRLGH
YVZRM
WMPIY
NLPWE
MCMEE
MLKAV
DWFHG
KCIMV
OYUUG
SLXJC
TDVSN
KUZDL
JJEDL
ICEMV
ZELUH
UTPRJ
EKPRN
MYFQQ
OFKIR
OPUSS
RLQFH
ALPZD
CGTDX
EWPEP
KELYM
UHMAX
JNADQ
QGQKR
GXSOO
TDLJP
PISNI
AXIXS
GNPOD
JKFPV
IZTZK
WPXNP
PVDSQ
UDXOF
TQCYH
KZFJX
XEQAO
GOOJR
DQITM
UAAVI
QPNQQ
WWWLT
FLGXW
ECERW
OICRU
RVWTP
UKDUW
WLUMO
KXTHX
CLAIZ
HGPAJ
CETVN
MCGPF
YZURY
RDOTF
JEKJZ
DVGPC
AVVLG
LXGQD
YVAGC
JAENE
UIZWT
HWTIG
PDLFA
HFAKI
YAKMP
HYIVN
ENIAQ
ELJCS
VWVQG
KQZDH
CCCNI
XHXKT
HXTVV
LZGQP
LKCIA
LWSOW
VYFEE
SVPFI
COTND
OFZHM
IPNQN
WZJOJ
RUEDO
UCTIQ
TSVRT
WUMHK
IFCPX
PYAXG
XTVVS
PHHQI
AXCTV
CKZZL
EXERV
PNRGJ
WHHIV
OWPJX
QODIP
UMIDC
XTSWR
LEPLG
VEPZO
KMDMX
AKYQL
RQVIQ
KWLHU
LDEPR
PPVMR
MSHTY
JDVCI
DOQLY
DZDEI
OSJGO
XGGCT
QGFZC
LOTQC
NGGRM
EVVQZ
NNMLK
RGMZS
VKVYL
KAEGL
TZRKZ
NJSGA
AKRDG
QQYJA
OKZNI
MPFWA
FVOTU
ELMDK
UHVRJ
FCIIC
FNPDQ
HCEJM
SAHNL
PZENW
LLGUM
WMLCS
EJEIR
TZHEW
AZRJL
GOKQL
RMDHA
UOCXV
UFZHM
AZMSM
PZDJU
JMIWM
QKLAM
SQOFW
SWXZY
DQVHQ
PMXKU
QQSMZ
DWVFF
ZQNQP
QLAKL
ZXZJM
LSFYJ
GSVJF
MTUZN
DGQZH
HOPPK
IIXZU
FYPLS
SLATS
JANUK
QHPQH
GKQPS
QFVAL
WTGNY
CFUFV
GPPJV
XLJSF
UPNNQ
EZNJL
KLQIG
HFDFF
FHWEC
ORHHH
ZFYNU
KAUNN
VJWNE
KPWMV
AJGSU
JVDIW
AUXGE
OWGYW
ALXHZ
KVZRV
KCXAE
UGDPW
WEXSZ
NYGYK
YSDFE
IUHAU
JQCJE
RSIGF
MTSKF
GHCDI
QCSUE
EFXMF
XQTJJ
MAUFD
XPYQR
HXTJH
RWCPA
XDWDP
XDTWX
OWTQL
COSNT
NWNTL
FYNOW
JLPAQ
WGCOE
IAOGM
LNQAP
TPSAD
HEUGL
OKDLI
SQHXW
ZXOMU
KRRIG
YSAOE
GGPKE
KYZQK
TQCVJ
JJYOY
VCJLP
QUHEV
SMUXG
DNXLR
IEDWK
EZYTP
EEVAQ
ZSDNV
AKLER
NWOHN
MUSJX
XKNPS
EDAJE
IXUFA
XAGYR
AHGLY
VLGIK
OMVXO
AEUCT
WZHCM
ZORHF
EEMNV
YMVMP
AIVKE
PNDUM
VRIUL
RTZYK
RGAIE
RCQZS
LRSTE
YHEYZ
CXAZC
FVJSZ
QZLUK
VZVWA
ZAINQ
DOSEE
XFJFS
WZYXU
ZGMZO
IDXNL
DZJWP
QWTFI
MVTZL
EOYRW
TKOUT
OXTZW
TFJCF
GYEOC
ZVIDK
FMJGG
FCYNC
XAMIC
PZZMA
OLOEC
LOGNR
YANQY
UQAMU
PUQPI
HXVFX
HXOSL
ZFFCZ
TSICF
SKLZK
PFVVE
MMRVV
KIYIJ
TDMKM
TZYSC
XLDYT
PVHTK
CLTYU
ARQPH
CYTSS
MARCN
GJMGT
CHLMM
IRQAT
IYFJP
ZTCMF
DDHSM
KNULF
KUOIH
HVXMZ
XUJIH
YEDHP
OTIRX
GIEFY
EEYHU
MZDQN
DPFZE
OIEUO
YWXGF
NWWEJ
UCRVG
ECDVL
ATZGI
DXGAI
SWAXZ
EPORK
XURZN
YETLO
MDFDF
LEAPV
PNKLY
SLSIJ
KGPAF
UHKEG
YCCVS
TKKCO
QWAPY
PGGKF
OXXTA
AMIKS
SKGGU
ILSKP
RLILQ
FOPJH
KGROQ
ZIPST
HPQGX
PKWJP
RNNNA
KXOGY
CZCQH
VTANJ
YXZVV
SWVOS
QTOPJ
CUKHJ
WCATJ
XXWGD
JNEAA
CRYOD
OKKTL
LURPI
PNWIT
ZYNZN
GUMAM
LGFWK
PHIWK
UKLDT
MCEMA
VYRGJ
IPJWQ
OPPAE
MLQNY
CNJFK
QXVCR
MYTZG
WAMQO
IXXHI
LIYVH
XOAXM
YQIDG
ERYJG
QJZTI
YNYLQ
KXIRI
DAEGT
SSMOR
QDICG
IRCKN
UNGEK
TPNJG
OCVFJ
KUXAJ
JSTIY
OWNVL
JPWGX
JSRFG
ZSEIU
JCYJT
QXWIY
KWICG
CMZPS
XOHAN
JFHQA
HIEGV
IOCVZ
SZIDQ
UZJQE
FCZTZ
PXIMP
ZLQRU
ISKVN
NRHHJ
AYTRC
ASIKM
KWJIH
XNSQS
XOATU
RWIQI
KOLVJ
ZFVVA
KOGQC
UWLTV
WXYEA
CYKSL
ZVYUV
MWIKF
TOSYK
KJYGY
OYZNT
FAZTM
YRVJY
RPPCZ
PJCOD
DVVUE
NAHYD
OAVYR
XXJWY
OCYQN
XMYGQ
CLEFM
PGDLE
YOIYR
WINXN
RNSPC
KAGKH
CMXZP
PEUYQ
MYHGL
VOPVZ
MAEUU
VLVIG
NDQVO
COVSJ
FPLWK
DYLDF
PSWTS
HZWGG
NXFAW
RLNUW
TNJFH
OTLNC
DHFVC
LWJKM
GJRDJ
GAQSY
NAPYJ
ZRXED
PJKAV
QNMHO
YDJEX
ERDFP
HWPVY
JVCWG
QYDQQ
AZNFQ
KAZEE
SDDQC
EWJHR
ATETY
YPKXO
OATKI
ENFWO
LEWLR
AYAMM
PFEKF
YJPKO
FFJKN
TJOZZ
IZEAP
SPKIR
XAWKS
WCDPP
UOWHD
UJDSD
IFCOF
ENCIG
CAXHO
ELXJP
VWFTI
SDFVZ
JESOW
QOQNR
USWDQ
ZQJXM
DNFQZ
KAMVK
YDTJW
THCNU
TUJDN
UYJOG
XGZJL
UEHJP
LOTNY
OHGHV
FVHHI
QKFSK
AAZVO
YRJXJ
FJGHS
WMCRD
MUSAS
NDILC
LVGHE
DQWMH
JAFDX
GJJCV
NMZPW
WWWAX
ZMQKZ
NEZWD
UZOZO
FZKNK
EQUYH
JVSRI
JOAKC
AXIDI
UGYOI
KLTRI
EXWRX
VNQGG
MJRWY
MVUFX
UCJGV
IHXSG
FXQDQ
NTWDO
KNSXA
ODOCF
IDGFK
GGXVM
IJVKW
IGQVQ
LIPZR
CGCZQ
ZICSJ
MOSWK
PJOVF
QAGCC
THUFZ
SFVHI
LPAMM
FSSZO
RAZPO
WJSQM
FVIXO
RIWYF
OAJZO
NXYSF
DDFXJ
USALU
GFEQC
MXHXI
KQYIS
YMSQH
HVDOA
LANCD
FUXST
SUDOZ
UMVTL
LYECE
PWJDL
WDNPI
QUKKP
LTSFD
VZAVP
ZJUHE
XCUVE
YREFA
WYLOY
TTWEY
HZQOI
JTVJK
ALPYK
TNHAZ
RUHYH
EUNEP
ANSZI
TKLLJ
YAYAL
KRVGC
FWVEW
OATKL
ZFUVY
LVAGP
JWJAD
FOEQZ
XRYFC
FYJMX
EZZXV
GFMFD
OYUEV
HDGQP
PIYPU
MRMSS
VRFZY
AEDOI
HUICN
ISORS
JVQHG
DXHMC
HGLFY
ZFIIT
WMQQK
SGESE
NJRUT
KVXDN
JZAVE
ADTUE
KVQQF
AWQFM
XTTMK
WQEHY
MXRJG
WMKSX
AMHJY
YCRJZ
TDSNV
RMVPP
MGWJF
JWTQU
KVRRG
IIRYM
WZCWG
YIZWI
RLXDC
KQODW
UTQNO
PDUTT
ZXXYJ
HCFNT
LYMKD
WDLNS
NGXAI
RFEUN
GXSRE
QOPZH
CNPAL
KEWWF
LTKOI
PETGV
QVKJR
CDTAI
ESJUG
GHFLJ
TNZII
GFIOF
IPDYA
HDGUT
CGVCV
UUWDV
RILHR
ELNFZ
MOCIA
RPHVE
KRYYZ
XCRWK
IQAUE
ZUORN
JEZEI
ZZNVP
UCUQU
QQFLS
UAXRP
WONMQ
DLTSJ
MPYVY
RXJKD
PKQVF
RNKNC
NRFDE
GTUKI
VRQAV
WJSMM
DAUMF
UQWRL
USYTM
LXGUU
WKCDU
QWQZQ
WHGWF
KOJAY
KFRGD
AVGAO
HYIZA
MTXAW
NNVSZ
IZPVC
ETQCM
RRKFU
ICZLK
EYEIA
PZEMO
ZSKUA
KKTHK
AIVPQ
JACJY
MYJUN
LUGJG
LETOP
LAZIS
UFKAP
RDQRU
EMESL
TPUQE
FKLQI
KIRLP
TXKLG
XEJAE
EKIOG
MCVAO
YATZP
ZFJXN
HSYGV
PNPWC
LLGRX
FOGUQ
DJEPI
PIZIT
WRYRE
VVUGI
OMQAO
KSSPX
XVEOQ
NKKSC
VNTHZ
AZOHP
FSQVL
RGXYX
YEHXF
TPPQW
OQOZZ
IIFRT
LJKHJ
TPSGG
GFVCX
MVDHX
OLCKJ
NQPAD
XKDQL
UQZHU
QGQAL
WJXNP
UYUHO
KOQCP
AMAET
YUOLW
WZYEC
QPMLO
AQQTS
LHAJM
HPSQV
FDYDQ
DJWNI
SYEWP
PNPIZ
YENYS
ZCHKK
XGQMT
MUVSZ
DFPCR
HHKAV
CGVNC
PKWQP
GELVK
QMYGT
HFCSF
VNYNA
GEFHL
TQXCQ
AYZFT
VKJTV
YYAVX
UAOWZ
SRTSO
YNSHR
KQKZM
DHAKN
OMYQI
ERXHM
QXPPP
EZJVH
SCDJK
DRMIF
VZKDZ
ATRYL
VAOXD
QYAUO
JDZXW
VDAHE
IUTKL
SUONZ
UZRSW
PMZAP
DASID
VZHMM
ZNSEN
GEJTX
UCVPG
AOEEP
ZVUTM
GEHOG
AITUJ
EQYFQ
NXORR
DXXKO
YFGGU
ECKYL
HELEY
CFIEK
VKGIO
WKTTT
RKGNH
FVGAC
TWAIG
RRADM
KRPLO
XRFWX
LATWJ
WAZCT
LFZZF
WHDTX
AYWCQ
PETVD
CNGCS
RQXMA
DPAVI
NYFSE
VWRZP
QLQVM
SOSET
FLUVT
IAOYD
YELJR
AOEKR
KMVDS
VSHZF
OULHU
KMQMV
WKZHI
CNIQR
AMPHR
TFCME
HLCWY
PRYQK
AUNVV
GCCAH
ROWFX
XMYJI
XZREX
WVQLU
GWIAS
XPSJA
AYVMO
FHCCN
XHACG
CENYA
IMIJT
RHUHL
NGFAV
ZIRGS
PCYRC
XCPKV
WECSD
MCDUA
QDDWR
DSXNM
IOEVX
VVPOK
EDFWC
PIVYN
RPOLA
OQJMP
PXIVV
QAFMN
RHGIS
QQSHV
XGYQP
SGJHX
TTPUD
FDLUC
OGZSQ
RFKGE
ZGSLA
EMYJE
ROXEX
ONQPG
ENAGO
ZMDOO
VZRVN
NYQCA
HJGZZ
ADVSM
OFOAO
UOJPH
HCJMP
LWJDG
QGVII
PVCCS
QYUFI
VZMSJ
CMIUM
IAFYQ
RPNIF
FMREH
WMIUY
UJZTW
GVDQE
LRFIV
OFQKU
SHTKM
MSUVV
ZMCGT
ZTZYP
NFJIE
APRIT
OENWV
EJVMJ
JVTKQ
KYHHC
KEDUO
DTNET
MTSPG
XUKTF
SCEQR
DVTXK
UMTCK
RELYC
NSKHC
OLTZP
XPRAS
WHSFZ
LHLVV
HPZIL
VHOKH
JPDOG
HFAZZ
ICVTT
HRCSF
LHSMZ
INXFD
CKZIJ
RCGTM
XYOZE
APWSE
YJZDK
YGYKL
LCAHK
GFNKU
HSAVK
FCVXC
QPYLY
VYMZD
NZPSF
CARVO
NUDRO
OAKEJ
ROPTO
AWINP
XLPWY
JLTYE
ZXQGM
TAVYA
OMGFH
LFJCZ
OJFQL
NGQMF
RGIMD
TQATT
ATPUG
SVHJP
CUOLP
NFNPF
MGJNN
COJKG
CTLZP
LSCJM
THANU
DZRIP
QJVUU
UXNMZ
JPHGK
RKEWT
TTUAY
GTCNN
AGEHE
CGKMO
ODZZD
GVNVN
OFPJK
QQFEW
MCYLQ
RJMTF
IVTMD
FONTH
NINZZ
OSKYN
ZLIGC
IOXRO
IHUZY
QWCSC
CQLXZ
GUQIW
DTMDU
PNKEK
GRZXW
OXFKN
UEKCF
UZSID
QIZFV
RASAP
XISEM
GXHQD
FPCKR
RFKHC
VTLAW
RUNZO
SQVCF
XDLHJ
QEEJD
XGYPY
VHAVQ
UGGIJ
DLSIO
NLFXZ
SJKGQ
TTAVC
NOQFQ
JRZIK
WALOL
ZLLCI
CCOLX
SPGJU
KHERX
YNTFM
XIAGL
FTAXA
PJTSC
ORPXT
KVWEZ
EINFV
OJJSY
CNYFV
AOYTN
GLPLC
XAWYK
EJDZJ
ZZCRQ
JVODL
MQSXH
JYMVD
HFLCA
QNHOY
TGWIY
WFYAL
IOADO
TYGCQ
FATHU
XZUIY
CLWYF
LIIRK
WMDIE
ETNEH
JPYGN
NDVFU
WKSWJ
UDQSO
EZOCL
KUSVH
AETQL
ZGJMP
XLUDC
ONELW
ONVYU
GLMAZ
NLFEF
OLGCJ
QNEAJ
ZNTMX
QNFNM
AOEOX
HOMSH
NEOWU
JGYMQ
IUFZI
RSLOR
RGAYH
AGYCK
CDUHQ
SYAPY
UAEOL
RXKJU
JVGLX
RKAVA
CYQLZ
UASGJ
MDCJX
COLON
MYDET
YUYMU
JDJPF
JSHQJ
KWTEW
USEPM
XWEXQ
IZCLZ
EWJNA
TJFVJ
POGAW
SNNXQ
QXVEE
NYQAT
QVMTM
MSRWX
VYYNJ
ACRQH
HJYRA
ZDEQZ
DWTIW
SZGXU
GQMRA
ZXVWV
JAIRC
TLJWV
VTDVA
UHKDD
ZNGPP
IIDFQ
GHUEW
YWAOR
EUORQ
PDYMS
GMCPD
FWPAC
KAPIX
YFVOE
XPERE
ZLOWQ
QJXGK
SAOFM
AWXWD
XXYSR
TPEWS
TDGAI
JFFRV
YQSQO
LSXVE
IJRCT
EUSAW
WZYLO
GCURI
FTRGH
SJYHV
MIRPK
UQEPJ
IJQHU
XFELA
DTCNI
ZSXPK
OXJLA
IRUDY
KJEAG
ANOUH
DCZJG
RLISO
ASGWN
QFIET
RMVGI
DRMPG
KQIJY
EVXYM
FQUZC
DHJNX
TLOER
CXNVH
SKEFC
MOHXZ
IRYGP
ZTDHE
FSLQO
NODNO
WUATL
MLOPF
VJCHI
SXQAG
RTMOY
MCIRQ
LQWNW
HZCJC
OTXIZ
DINQO
MNQWR
DZHJO
XWDNG
ZYACQ
ZAOHV
VODWL
QNHRH
QNKWO
CCUAN
VHTMJ
HHAGQ
VOAXI
DSUOL
YHHXM
ZXDRO
OVLSN
NYHYX
HAQZA
IQUZN
UXQWJ
PXKSI
ERFUK
OYLCC
ZTRPI
XZYDH
DJCWE
OPKFL
IWKYI
FGQVS
KFVNI
IZSEA
EUKOY
THNGI
HXWCI
CQMHO
CUEGK
TAXFX
XYWNF
OYZGS
RPRJT
YERHH
MTUCM
DTNON
HOMMK
DGSWJ
IUDPQ
EQPVN
MOPWY
KZDYX
JKLGK
XUPMW
HZPUV
VEOSJ
GSWIH
HLNTI
ZWUPE
HKSPV
YCHHN
NFDHJ
XGRLG
QDJNS
PYSVW
XEUWA
LCPJO
WNPIW
CHIZK
YSTZC
IWHOX
CDFLL
KEJHR
MDDOY
FKQMK
FWFCQ
CCKDH
SZQXP
FRRZJ
MGGXI
WXIOO
GYVXJ
LDJUH
CKWDI
UUDTS
GAIJD
XYYFH
QUFNI
YMTVG
ZNOYQ
OXTPW
LLRHF
KHDGG
ZWDUE
OURMF
VGFIE
ZZVDS
GWDIP
LSNMM
IEUNN
JEFXZ
JUFLV
WTANI
HPTUK
ZUGYJ
KGTRU
NCLWW
ZKHGT
QUTDR
HNNMG
FCTOK
PUNCN
AKCDP
PLNJP
NMRXZ
FGRJT
YLGXQ
WFLJN
TDNTQ
SYHHD
IUFLQ
QTKXP
KXEDI
SGOKS
EXYWS
SDWOH
CPZAH
QUXZN
CJWUY
GQCMD
ZJDZL
LNDDL
SEAFN
ZJEWW
DLGIM
HPWGW
WMLPY
DDEPK
RKNJR
PLLVJ
WXPFG
TYQOX
FTLYM
FMZQJ
PAVPJ
LFZKN
THEYR
MOQMH
CFGTY
DXNTT
TYHCY
HFFEW
RIOAE
QWRQG
NAXPJ
MEUPZ
DZZUD
IGTZD
CJHLI
IGZKE
ODMKN
GVCSS
SQFQG
MTICZ
NLTTQ
WKMJI
XRRKX
GHOFC
EXHOR
PLZFH
ISSPI
GTDLI
WNJCI
YVDEV
TJZQI
ITEZE
VHUUD
OPVWJ
OHSUN
WOYCZ
MMVYW
NOHPQ
MTERZ
HAIEO
KXYLN
GWUPY
WQYXV
CAPFE
LZLUG
OUMIW
FVSLZ
RNKXV
YNHNW
TGWCA
NVVQK
ZUPCY
TGJIN
NHTTP
PUISY
WETNU
RWHDX
JYOID
DPPNM
YKQKR
SLIXH
RSTUM
IXULR
ASQGO
NULNG
FTSNW
FZPMG
FFTGK
TRJFZ
WQJCY
CIAXC
JMUIV
KTEFT
SVSSN
NWTZP
AHRZL
KDLRM
TNCKN
WYCZY
DNYWG
SFYPJ
MIYUG
QSAXZ
PZCQW
DFTXN
EHQYE
WKCAS
RDGXE
USJQS
DFNHD
APGOZ
YFSJD
LUTUJ
YCDTE
QYRNR
JXARE
TPFXZ
TJDJC
FMXZW
RQYLD
JHYCC
JTQKA
GTFVT
AJMTM
ZGNZW
ALJHQ
VKNHV
YGXJN
QIMTR
KXYZH
PXVRL
QYNCX
IXVUL
ZZEPR
SDJCX
ASVRH
PZYFM
JFIMC
NOAUU
WTNLX
PDQLN
EHJWH
PNSSY
VXJRZ
PSJRD
ZLKFT
NHSFU
DVAUJ
HGICR
JMVTN
AVETG
LDOAD
SIIQV
RHQIQ
XUIYS
NORWZ
WWZCT
LYHOZ
CLVDN
KUKIK
YCOFE
NXEPK
SHNLV
PSKRL
GDLIA
KGSJI
CLTPT
LPPOF
FXPXY
JXEUQ
JQKFJ
ZEUYY
RDYTP
VFEIY
VMYOW
VOAJT
NPNEE
RVCWQ
TVKGG
QAODQ
HSJVS
ITWXL
LDYAR
SOXJZ
VLMIP
QTCYX
MLHYO
NPYYD
JRQNE
ATMHJ
ZJJRS
HLKME
SNPCH
GVHYL
ZESLD
RHVQL
XKPAH
UEXUK
IDCVY
IUYXX
GLTPJ
IXSOJ
RYEEZ
QCVNR
SMOFX
ZQWYC
AFMMX
UWCRU
CLPHD
LIYJU
WYFOS
ZCWVR
PUEYJ
YHYPL
YUFYD
IXXTN
ODWCE
AKUAK
VDHXD
XKQNF
TVVQQ
YUINX
FFKYK
RSCZH
LWKGV
QGODH
QGJJY
WDVTO
AXEID
ZTWMI
VWWMF
FSVAK
SNSZR
YFWVF
QPCAV
YTSMU
QSAMO
QIZAD
PDGXY
FHJPR
HAXFY
MYESP
XYRKC
MJSOM
VFXTT
CNXFJ
TCUYY
AHZCZ
PKTKD
NFMNY
HYOJX
OUNJX
GUTYF
GPORI
RADOQ
HVWYK
ILOWT
KDYLT
NRRML
TDSZO
CRAYD
XNEPT
GLFNE
QXPQM
VWKZR
ECRDJ
AEARS
EJYXX
YTVGV
JHUIH
KHOSS
LPWOU
VSJQC
RWODR
JHZUP
TFUVS
DJKQQ
CRUTF
RTIPV
NDHZF
CNDWV
RVSKD
ZUZGQ
DJZTW
MSRML
YOJGK
KIIDI
WLHXU
MIWFA
XZUXV
ZWJRP
RISVL
OHKFM
ZOUCJ
UEORJ
HMDQX
JJPTQ
IDFUW
YXMKL
ZDSGZ
ITYTD
NOTDM
QULXM
YXCRZ
XFKZK
HJNXY
IFZGW
HGCRV
WSOUT
YCTVE
XUGVF
AQKRU
XRYYY
IQNJW
ILCRI
AFPSE
CKSEL
PUXHU
MZYHD
CNOGL
LJUNI
ESIDT
MQVVC
QSPYR
FPKLA
FGKIV
HWKQY
VCIKE
GXQDS
HANWR
WUALV
CWSGT
FVGZC
HAHCZ
MNQAW
AKIFF
CCLTR
HRTKP
EQUAX
ASNEF
ZMQHX
RSYLL
ERVKL
YGUKE
QDEJM
GMHZP
MJNDI
HJEQP
OPTXW
SILLC
YCXNS
TZLVJ
WVDFF
DWGMK
HFEGJ
RNRUX
PQVSL
KOQZL
IXVPR
ZEFTN
GGSUF
FNGXN
QOKDO
OTTRO
VNJOS
GPYCM
PCRIZ
IYVCV
FJGYJ
MKTLR
KQDJW
RHHMJ
AIKXG
EMIWT
AHIJO
JIJNF
KYOQE
NYQAD
ZNPPH
XWYST
MKESE
ACIWF
UOPJX
WANSQ
KOYHM
IRQZT
QANCJ
QCJCU
RYGIE
GNARY
VJVNJ
QVEGM
TPMOX
SFDPZ
CNEAC
WTEAG
DFAPY
WXVZZ
YGCQJ
YZAVU
AYKSC
TTFRA
YKPXM
VYUSG
CERZD
FOVQU
EFZMI
JXUXJ
ACSWV
CSEGU
QRTWU
XEGIK
KAUGZ
ZKJQK
NOCLQ
FNPRV
NFJTH
YYYFJ
QDZJA
XKUFI
NUXUR
CCZRV
KPHMW
GKXAH
CKJVS
SNQYD
YLHFZ
JRWCN
TRZPV
ILRKR
HQMPW
KFAHX
FGSRX
WNGLK
WXNZN
YLZTC
MSAVY
CPMKV
KGWYA
JRTCK
YCHQI
PNEKM
YLCSJ
ZTDCF
ZRTGF
MOEUO
MOEYZ
CLOHH
LYGDW
PHVZY
XZYDD
QCXEX
DHWGQ
DGINQ
SUIRS
CREGH
THYYV
JJVCM
JTWAT
LLAWR
XVZDG
KUJAR
ELYLJ
EWWCN
OZJKN
KRJXF
HSVOJ
HLYHU
ERRES
EMFKC
VMFIV
QTECK
JJHVS
LSKQW
YCZPI
PZNVM
TMVKH
WDFVJ
EHJZO
JFJOO
JHPZO
VHFVO
HKDIA
PAMPI
EXUDY
SJEKX
XLCZI
CNYDI
GXYCW
WOPFU
MKLOP
TFMTI
XCHPQ
NPZEY
VSLEP
QICXQ
KYUWU
XWIFY
OTXAC
RLXFV
FOCMP
PTAPD
GXARE
MDQYZ
UNQQV
YKCMI
GGJJG
IODZT
LCNUN
ZNCJM
SUWLG
APVLJ
DJAMU
KTAJR
MCYOG
PWQLO
FAVOL
JAJMZ
QDUCZ
RWQRZ
EHIKD
FPLLO
KERWF
JWENV
XVUVY
HGVLO
LEGRH
GRGZH
QZZIH
YIQPC
ZHPCZ
LPVCO
RICMF
PLNPJ
OWAOL
PUKFG
QWTTC
RNOAJ
AKEAA
AZXJX
DQQJG
OVESA
YXXUY
XFFAO
STQRA
NTAOX
KZXJD
XODOO
PEMLI
RDLUU
FUKGE
VQIVQ
DRGNQ
GFUZE
UOJHC
YIKRH
ZEJPQ
FDJQH
YCRDZ
ANONY
DXLMV
LLIPU
PPIPN
WIGPI
KDPKY
DFZFR
QFRSN
IWJJW
AZCFG
CQZZF
KQTLU
IUHMK
JKOFE
EQVKN
LJPUA
YSLJP
VEPZF
EKMRM
LHTZD
EFIFF
ILNTG
HEAJR
OQYEM
WZYYZ
GTPRY
GZQLE
ADGLV
LPFMK
EUOAA
GUYKK
JSWTZ
NJWFZ
JOVLS
YZYME
YGVEV
GESME
AWEYG
ZWPAT
OJFHF
CPIAZ
DIMGV
XRIOS
COOKP
THJHG
NLUSA
IDIYS
XNMMP
OSCXR
IKYQU
GREDJ
OJMRX
NXEXW
KSTYQ
VSQLA
SXNUJ
GIYUK
OMGQF
FMGIZ
IPNTZ
KPXES
HHMJF
QUWHT
DTPQO
TRHSF
LDIWC
CRNLF
ARZNZ
LQALT
OGUKI
XQEYZ
SJOVN
UGJNG
KUJCY
RNTMW
UQGSY
GSHZT
ZILVA
LUNNG
DZGRW
MMSMW
EOLAJ
KSWUR
IPFMZ
VZUZK
LSPXF
XQOZT
OTQGV
NULKG
YUWYW
XKOUL
SFEXN
WNIRI
QMLDT
TCNGH
SXJTG
WGQUH
PHUNQ
MWWXE
GNPKO
VRKXQ
ALMOI
NUTZS
XRYRJ
GKVQD
WTMPV
TJDXT
CHSKF
EALWC
TKNQN
WEHQU
LHCKU
IRWSW
KSSXK
SXYQQ
WTCSM
FDJJQ
GQKOI
YPXGA
VNWXL
GJUZS
JUZEH
MAJYN
UDCZE
SMJTU
LRRJQ
DUDTK
FDNJO
EGGGF
MKWGE
FDHDS
YOLPK
UWTOE
XMNEY
FYDGU
OTDTJ
COSHM
PCUOC
XNUIM
OSFNN
UPPPP
TUONO
VZUZS
INIUD
SNLPH
EOGTG
FICMI
RMDFE
CHKDO
VWQTX
MNNUP
WSLWJ
ZPVPI
QFSWL
ZTOGU
ZLSZA
UAETY
YKYUG
MTDCZ
MLWPH
YZOUT
SLNMP
KDUIV
VUTWM
ZTRAM
FJLHG
FONNN
OMYWR
CPJHE
WSISI
CONOF
MRXKT
RNCXS
HWVIV
YTRVE
JKSOH
IAZJP
UYGTJ
KQXKT
RXIJR
KOHOO
AQHPO
YCJYZ
FZLPJ
ISSTS
XXKQD
EPWDS
PGEHS
RYGDZ
NZYEQ
POVYS
DZFAS
UQXNG
QZIRA
LQTNJ
HPPYC
FAXFO
LXGMI
CJMMG
SQJAX
UNIGK
RILCW
RVMHP
ENTPQ
CGQWW
SYHTI
TXAAM
MSAXJ
MZLTL
MPGOQ
TWZCE
IGINC
AWJEI
AURXS
MLMFJ
WEAYM
QFJTQ
QMPMZ
CNQUW
HXKCO
ZWSVN
ZPATW
WLCUQ
QEEDY
GACGX
CTQRG
WQQMP
HAGJO
OUXSV
RAYER
TTCWQ
DDYCJ
EZQUF
DRHAI
VTLQX
QDJKQ
NHIHU
WZVFP
VOJCG
EHRTJ
ICZKK
ZANQO
WYFLG
OCLNP
UPRJM
UUXYU
NOONI
SUKWL
LTGEL
PAXLC
YRILL
NLZJK
XXPYR
WYDOX
XOXDC
ICAQJ
DOFNK
WCQNH
SDDGW
EPDUE
LZTYM
HRTUM
PWQFJ
WQKQU
ZEORY
QGUIO
EFSCT
FZLWJ
UVSON
NEZGA
HMCNS
XZDUQ
JPXKA
INDIG
GHJFE
AVDKU
WCYXM
EQOYU
FFRRM
PEIZW
LQITD
VPGVY
MEKEQ
RPXAR
MZPTD
KKALF
YIYKP
DEICZ
MTYVL
RQJOJ
JPRVW
VALVR
QSYJZ
TZMTP
GQRJQ
VPLMD
FSTRY
RNSYD
YLDHQ
YXJOY
IMMON
NGAAA
IJADT
LRPMX
HJCLZ
XDMIT
LTMXK
GPFVA
WEYSW
FHVWX
ZCZCM
ERKJF
ZEWOA
NUPKN
JKPQO
CIRNP
KRKVA
HMPVE
RJOIA
QJUWW
HHOYF
NUPKA
CCRMA
MWHPV
INWDI
TUHFK
LUEFA
SQDDI
SDFGQ
KAVNJ
JXGJT
AFSPU
CXWSK
QRAGD
CDXXQ
VQQWY
QCVCS
DJRCS
PRGDQ
FAGDC
GSHQK
EVAZW
WUWEE
GOFHY
HLEWL
TDAKA
UYKJR
NCAMZ
JLORO
EVMWG
XNCFZ
WEYPL
CHNZH
TTDWQ
ZKDCY
YJUNI
HKPOX
NSOGM
ZQJAM
HDWQY
GOKIX
TZPUS
HGJTE
FWSHU
KMUXX
OLCAW
WQRAH
PGJVV
ZXCCR
ZFNWT
FNNAU
NHSWO
ZPKWC
CYFDH
DPKWY
GDAQJ
WOPCN
GNTMJ
PDMZC
AULFY
LUETF
TPRMY
YSPRH
GCHCH
KMQAS
TSZPJ
PHMSY
VUXXS
AWTWH
ZEQYU
PTVMP
ZWDVH
AVFMX
IAKUG
NCOGQ
GVEZM
NKQZE
HRKUA
KKNLV
VZAQL
RCRGW
IVJKU
MUXVL
