ABACA
ABACK
ABAKA
ABAMP
ABAYA
ABBAS
ABOMA
ABUZZ
ABYSM
ABYSS
ACOCK
ACOLD
ACYLS
ADDAX
ADOBO
AFOAM
AFOUL
ALACK
ALAMO
ALBAS
ALBUM
ALDOL
ALFAS
ALKYD
ALKYL
ALLAY
ALLOD
ALLOY
ALLYL
ALMAS
ALMUD
ALOOF
ALOUD
ALULA
ALUMS
AMASS
AMBOS
AMMOS
AMOKS
AMPLY
AMPUL
AMUCK
AMYLS
APODS
APPAL
APPLY
AQUAS
ASCUS
ASKOS
ASSAY
ASYLA
AUDAD
BAALS
BABAS
BABKA
BABOO
BABUL
BABUS
BACCA
BACKS
BADDY
BADLY
BAFFS
BAFFY
BALAS
BALDS
BALDY
BALKS
BALKY
BALLY
BALMS
BALMY
BALSA
BASAL
BASKS
BASSO
BASSY
BAUDS
BAULK
BAYOU
BAZOO
BLABS
BLACK
BLAFF
BLAMS
BLOBS
BLOCK
BLOCS
BLOOD
BLOOM
BLOOP
BLUBS
BLUFF
BOBBY
BOCKS
BOFFO
BOFFS
BOLAS
BOLDS
BOLLS
BOLOS
BOLUS
BOMBS
BOOBY
BOODY
BOOKS
BOOMS
BOOMY
BOOZY
BOSKS
BOSKY
BOSOM
BOSSY
BOUSY
BOYLA
BOYOS
BOZOS
BUBAL
BUBBA
BUBBY
BUBUS
BUCKO
BUCKS
BUDDY
BUFFO
BUFFS
BUFFY
BULBS
BULKS
BULKY
BULLA
BULLS
BULLY
BUMFS
BUMPS
BUMPY
BUOYS
BUPPY
BUSBY
BUSKS
BUXOM
CABAL
CABBY
CABOB
CACAO
CACAS
CADDY
CAFFS
CALFS
CALKS
CALLA
CALLS
CALMS
CALOS
CALYX
CAMAS
CAMOS
CAMPO
CAMPS
CAMPY
CAPOS
CASAS
CASKS
CASKY
CASUS
CAULD
CAULK
CAULS
CLACK
CLADS
CLAMP
CLAMS
CLAPS
CLASP
CLASS
CLAYS
CLOAK
CLOCK
CLODS
CLOMB
CLOMP
CLOPS
CLOUD
CLOYS
CLUBS
CLUCK
CLUMP
COALA
COALS
COALY
COBBS
COBBY
COCAS
COCKY
COCOA
COCOS
CODAS
COFFS
COLAS
COLBY
COLDS
COLLY
COLZA
COMAL
COMAS
COMBO
COMBS
COMFY
COMMA
COMMY
COMPO
COMPS
COOFS
COOKS
COOKY
COOLS
COOLY
COOMB
COOPS
COPAL
COPAY
COULD
COUPS
COXAL
COYLY
COYPU
CUBBY
CUDDY
CUFFS
CULLS
CULLY
CULMS
CULPA
CUPPA
CUPPY
CUSKS
CUSPS
CUSSO
CYCAD
CYCAS
CYCLO
CYMAS
CYMOL
DADAS
DADDY
DADOS
DAFFS
DAFFY
DALLY
DAMPS
DAUBS
DAUBY
DOBBY
DOBLA
DOCKS
DODOS
DOFFS
DOJOS
DOLLS
DOLLY
DOLMA
DOMAL
DOODY
DOOLY
DOOMS
DOOMY
DOOZY
DOPAS
DOULA
DOUMA
DOUMS
DOYLY
DUADS
DUALS
DUCAL
DUCKS
DUCKY
DUDDY
DUFFS
DUFUS
DULLS
DULLY
DUMAS
DUMBO
DUMBS
DUMKA
DUMKY
DUMMY
DUMPS
DUMPY
DUOMO
DUSKS
DUSKY
DYADS
FADDY
FADOS
FALLS
FAULD
FAVAS
FAVUS
FLABS
FLACK
FLAKY
FLAMS
FLAMY
FLAPS
FLASK
FLAXY
FLAYS
FLOCK
FLOCS
FLOOD
FLOPS
FLOSS
FLUBS
FLUFF
FLUKY
FLUMP
FLYBY
FOALS
FOAMS
FOAMY
FOCAL
FOCUS
FOLDS
FOLKS
FOLKY
FOLLY
FOODS
FOOLS
FOSSA
FOULS
FUBSY
FUCUS
FUDDY
FULLS
FULLY
FUSSY
FUZZY
JACAL
JACKS
JACKY
JALAP
JALOP
JAMBS
JAMMY
JAUKS
JAUPS
JAVAS
JAZZY
JOCKO
JOCKS
JOLLY
JOUAL
JOUKS
JUBAS
JUCOS
JUDAS
JUDOS
JUJUS
JUKUS
JUMBO
JUMPS
JUMPY
KABAB
KABOB
KAKAS
KALAM
KALPA
KAPAS
KAPOK
KAPPA
KAVAS
KAYAK
KAYOS
KAZOO
KLOOF
KOALA
KOBOS
KOLAS
KOLOS
KOMBU
KOOKS
KOOKY
KOPPA
KUDOS
KUDUS
KUDZU
KULAK
KUMYS
KUSSO
KVASS
KYACK
KYAKS
LACKS
LALLS
LAMAS
LAMBS
LAMBY
LAMPS
LASSO
LAUDS
LAVAS
LAXLY
LAYUP
LLAMA
LOADS
LOAFS
LOAMS
LOAMY
LOBBY
LOBOS
LOCAL
LOCKS
LOCOS
LOCUM
LOCUS
LOLLS
LOLLY
LOOBY
LOOFA
LOOFS
LOOKS
LOOMS
LOOPS
LOOPY
LOPPY
LOSSY
LOUMA
LOUPS
LOUSY
LOYAL
LUAUS
LUCKS
LUCKY
LUFFA
LUFFS
LULLS
LULUS
LUMAS
LUMPS
LUMPY
LUPUS
LUSUS
LYSSA
MACKS
MADAM
MADLY
MAKOS
MALLS
MALMS
MALMY
MAMAS
MAMBA
MAMBO
MAMMA
MAMMY
MASAS
MASKS
MASSA
MASSY
MAUDS
MAULS
MAYAS
MAYOS
MOCKS
MODAL
MODUS
MOJOS
MOLAL
MOLAS
MOLDS
MOLDY
MOLLS
MOLLY
MOMMA
MOMMY
MOMUS
MOODS
MOODY
MOOLA
MOOLS
MOSKS
MOSSO
MOSSY
MOULD
MOUSY
MOXAS
MOZOS
MUCKS
MUCKY
MUCUS
MUDDY
MUFFS
MULLA
MULLS
MUMMS
MUMMY
MUMPS
MUMUS
MUSCA
MUSKS
MUSKY
MUSSY
MUZZY
MYOMA
MYOPY
OAKUM
OBOLS
ODDLY
ODYLS
OFAYS
OFFAL
OKAYS
OLLAS
OMASA
OPALS
OSMOL
OUZOS
OVALS
OVOLO
PACAS
PACKS
PADDY
PALLS
PALLY
PALMS
PALMY
PALPS
PALSY
PAMPA
PAPAL
PAPAS
PAPPY
PLACK
PLASM
PLAYA
PLAYS
PLAZA
PLODS
PLOPS
PLOYS
PLUCK
PLUMB
PLUMP
PLUMS
PLUMY
POBOY
POCKS
POCKY
POLKA
POLLS
POLOS
POLYP
POLYS
POMMY
POMOS
POMPS
POODS
POOFS
POOFY
POOLS
POOPS
POPPA
POPPY
POPSY
POUFF
POUFS
POYOU
PSALM
PSOAS
PUCKA
PUCKS
PUFFS
PUFFY
PUJAS
PUKKA
PULLS
PULPS
PULPY
PUMAS
PUMPS
PUPAL
PUPAS
PUPPY
PUPUS
QUACK
QUADS
QUAFF
QUAKY
QUALM
QUASS
QUAYS
QUODS
QUOLL
SABAL
SACKS
SADLY
SAJOU
SALAD
SALAL
SALLY
SALOL
SALPA
SALPS
SALSA
SALVO
SAMBA
SAMBO
SAMPS
SAPPY
SASSY
SAUCY
SAULS
SAVOY
SAVVY
SCABS
SCADS
SCALD
SCALL
SCALP
SCALY
SCAMP
SCAMS
SCAUP
SCOFF
SCOLD
SCOOP
SCOPS
SCUBA
SCUDO
SCUDS
SCUFF
SCULK
SCULL
SCULP
SCUMS
SCUPS
SCUZZ
SKALD
SKOAL
SKUAS
SKULK
SKULL
SLABS
SLACK
SLAMS
SLAPS
SLAYS
SLOBS
SLOJD
SLOOP
SLOPS
SLOYD
SLUBS
SLUFF
SLUMP
SLUMS
SLYLY
SMACK
SMALL
SMOCK
SMOKY
SOAKS
SOAPS
SOAPY
SOBAS
SOCAS
SOCKO
SOCKS
SODAS
SODDY
SODOM
SOFAS
SOJAS
SOKOL
SOLDO
SOLOS
SOLUM
SOLUS
SOMAS
SOOKS
SOPPY
SOUKS
SOULS
SOUPS
SOUPY
SOYAS
SOYUZ
SPACY
SPADO
SPALL
SPAMS
SPASM
SPAYS
SPAZZ
SPLAY
SPOOF
SPOOK
SPOOL
SPUDS
SPUMY
SQUAB
SQUAD
SUBAS
SUCKS
SUCKY
SUDDS
SUDSY
SULFA
SULFO
SULKS
SULKY
SULLY
SULUS
SUMAC
SUMMA
SUMOS
SUMPS
SYLVA
SYSOP
ULAMA
ULVAS
UMBOS
UPDOS
USUAL
UVULA
VACUA
VAMPS
VAMPY
VASAL
VOCAB
VOCAL
VODKA
VODOU
VOLVA
XYLOL
XYLYL
YABBY
YACKS
YAFFS
YAPOK
YAUDS
YAULD
YAUPS
YCLAD
YOBBO
YOCKS
YOLKS
YOLKY
YOYOS
YUCAS
YUCCA
YUCKS
YUCKY
YUKKY
YUMMY
YUPPY
ZAPPY
ZOOKS
ZOOMS
ZOUKS
